DSB STEP 46 (() => { const B=window.__ooga;return {scene:B?.scene,frames:B?.renderedFrames||0,curtain:!!document.getElementById("curtain"),renderer:B?.renderer?.k
DSB DONE 48
DSB STEP 90 (() => { const B=window.__ooga;return {scene:B?.scene,frames:B?.renderedFrames||0,curtain:!!document.getElementById("curtain"),renderer:B?.renderer?.k
DSB DONE 91
DSB STEP 132 (() => { const B=window.__ooga;return {scene:B?.scene,frames:B?.renderedFrames||0,curtain:!!document.getElementById("curtain"),renderer:B?.renderer?.k
DSB DONE 141
DSB STEP 183 (() => { const B=window.__ooga;return {scene:B?.scene,frames:B?.renderedFrames||0,curtain:!!document.getElementById("curtain"),renderer:B?.renderer?.k
DSB DONE 183
DSB STEP 225 (() => { const B=window.__ooga;return {scene:B?.scene,frames:B?.renderedFrames||0,curtain:!!document.getElementById("curtain"),renderer:B?.renderer?.k
DSB DONE 226
DSB STEP 268 (() => { const B=window.__ooga;return {scene:B?.scene,frames:B?.renderedFrames||0,curtain:!!document.getElementById("curtain"),renderer:B?.renderer?.k
DSB DONE 269
DSB STEP 311 (() => { const B=window.__ooga;return {scene:B?.scene,frames:B?.renderedFrames||0,curtain:!!document.getElementById("curtain"),renderer:B?.renderer?.k
DSB DONE 312
DSB STEP 353 (() => { const B=window.__ooga;return {scene:B?.scene,frames:B?.renderedFrames||0,curtain:!!document.getElementById("curtain"),renderer:B?.renderer?.k
DSB STEP 401 (() => { const B=window.__ooga;return {scene:B?.scene,frames:B?.renderedFrames||0,curtain:!!document.getElementById("curtain"),renderer:B?.renderer?.k
DSB DONE 4606
DSB STEP 4648 (() => { const B=window.__ooga;return {scene:B?.scene,frames:B?.renderedFrames||0,curtain:!!document.getElementById("curtain"),renderer:B?.renderer?.k
DSB DONE 4662
DSB STEP 4705 (() => { const B=window.__ooga;return {scene:B?.scene,frames:B?.renderedFrames||0,curtain:!!document.getElementById("curtain"),renderer:B?.renderer?.k
DSB DONE 4707
DSB STEP 4749 (() => { const B=window.__ooga;return {scene:B?.scene,frames:B?.renderedFrames||0,curtain:!!document.getElementById("curtain"),renderer:B?.renderer?.k
DSB DONE 4757
DSB STEP 4799 (() => { const B=window.__ooga;return {scene:B?.scene,frames:B?.renderedFrames||0,curtain:!!document.getElementById("curtain"),renderer:B?.renderer?.k
DSB DONE 4807
DSB STEP 4807 new Promise((resolve) => { const t0 = performance.now(); const tick = () => { if (window.BL.scene.tweenCount() === 0 || performance.now() - t0 > 4000)
DSB DONE 4923
DSB STEP 4923 (() => {
    const B = __ooga, C = B.clankers, P = B.pilot, c = B.cavemen.get("portlandhodl"), e = C.list.find(e => e.owner === c);
    P.release(true
DSB DONE 5882
CHECK PASS gorilla support: a moving back changes an idle NPC's height without carrying or launching it, and a grounded player walks onto it {"back":1.971595153480768,"drift":0,"jumped":false,"low":0,"high":1.9939161392748357,"gorillaDistance":1.800000000000015,"walked":7.113703435207927,"raised":1.3473865988203113}
CHECK PASS Oogas walk over gorillas: clean console 5.9s 
DSB STEP 58 (() => { const B=window.__ooga;return {scene:B?.scene,frames:B?.renderedFrames||0,curtain:!!document.getElementById("curtain"),renderer:B?.renderer?.k
DSB DONE 59
DSB STEP 101 (() => { const B=window.__ooga;return {scene:B?.scene,frames:B?.renderedFrames||0,curtain:!!document.getElementById("curtain"),renderer:B?.renderer?.k
DSB DONE 102
DSB STEP 144 (() => { const B=window.__ooga;return {scene:B?.scene,frames:B?.renderedFrames||0,curtain:!!document.getElementById("curtain"),renderer:B?.renderer?.k
DSB DONE 145
DSB STEP 187 (() => { const B=window.__ooga;return {scene:B?.scene,frames:B?.renderedFrames||0,curtain:!!document.getElementById("curtain"),renderer:B?.renderer?.k
DSB DONE 188
DSB STEP 230 (() => { const B=window.__ooga;return {scene:B?.scene,frames:B?.renderedFrames||0,curtain:!!document.getElementById("curtain"),renderer:B?.renderer?.k
DSB DONE 232
DSB STEP 273 (() => { const B=window.__ooga;return {scene:B?.scene,frames:B?.renderedFrames||0,curtain:!!document.getElementById("curtain"),renderer:B?.renderer?.k
DSB DONE 274
DSB STEP 316 (() => { const B=window.__ooga;return {scene:B?.scene,frames:B?.renderedFrames||0,curtain:!!document.getElementById("curtain"),renderer:B?.renderer?.k
DSB DONE 317
DSB STEP 358 (() => { const B=window.__ooga;return {scene:B?.scene,frames:B?.renderedFrames||0,curtain:!!document.getElementById("curtain"),renderer:B?.renderer?.k
DSB DONE 4336
DSB STEP 4377 (() => { const B=window.__ooga;return {scene:B?.scene,frames:B?.renderedFrames||0,curtain:!!document.getElementById("curtain"),renderer:B?.renderer?.k
DSB DONE 4382
DSB STEP 4424 (() => { const B=window.__ooga;return {scene:B?.scene,frames:B?.renderedFrames||0,curtain:!!document.getElementById("curtain"),renderer:B?.renderer?.k
DSB DONE 4425
DSB STEP 4467 (() => { const B=window.__ooga;return {scene:B?.scene,frames:B?.renderedFrames||0,curtain:!!document.getElementById("curtain"),renderer:B?.renderer?.k
DSB DONE 4471
DSB STEP 4513 (() => { const B=window.__ooga;return {scene:B?.scene,frames:B?.renderedFrames||0,curtain:!!document.getElementById("curtain"),renderer:B?.renderer?.k
DSB DONE 4520
DSB STEP 4563 (() => { const B=window.__ooga;return {scene:B?.scene,frames:B?.renderedFrames||0,curtain:!!document.getElementById("curtain"),renderer:B?.renderer?.k
DSB DONE 4571
DSB STEP 4571 new Promise((resolve) => { const t0 = performance.now(); const tick = () => { if (window.BL.scene.tweenCount() === 0 || performance.now() - t0 > 4000)
DSB DONE 4636
DSB STEP 4636 (() => {
    const B = __ooga, C = B.clankers, e = C.list[0], owner = e.owner, m = B.headquarters.entropyLab.mouth;
    const site = B.crew.workSites.
DSB DONE 4697
CHECK PASS gorilla lab exit: an Ooga standing in the doorway leaves the departure path, height and timing unchanged {"emptyExit":true,"occupiedExit":true,"frames":69,"samePath":true,"recoveries":0}
CHECK PASS gorilla lab exit through Oogas: clean console 4.7s 
DSB STEP 35 (() => { const B=window.__ooga;return {scene:B?.scene,frames:B?.renderedFrames||0,curtain:!!document.getElementById("curtain"),renderer:B?.renderer?.k
DSB DONE 37
DSB STEP 87 (() => { const B=window.__ooga;return {scene:B?.scene,frames:B?.renderedFrames||0,curtain:!!document.getElementById("curtain"),renderer:B?.renderer?.k
DSB DONE 88
DSB STEP 130 (() => { const B=window.__ooga;return {scene:B?.scene,frames:B?.renderedFrames||0,curtain:!!document.getElementById("curtain"),renderer:B?.renderer?.k
DSB DONE 131
DSB STEP 173 (() => { const B=window.__ooga;return {scene:B?.scene,frames:B?.renderedFrames||0,curtain:!!document.getElementById("curtain"),renderer:B?.renderer?.k
DSB DONE 174
DSB STEP 214 (() => { const B=window.__ooga;return {scene:B?.scene,frames:B?.renderedFrames||0,curtain:!!document.getElementById("curtain"),renderer:B?.renderer?.k
DSB DONE 215
DSB STEP 257 (() => { const B=window.__ooga;return {scene:B?.scene,frames:B?.renderedFrames||0,curtain:!!document.getElementById("curtain"),renderer:B?.renderer?.k
DSB DONE 258
DSB STEP 300 (() => { const B=window.__ooga;return {scene:B?.scene,frames:B?.renderedFrames||0,curtain:!!document.getElementById("curtain"),renderer:B?.renderer?.k
DSB DONE 301
DSB STEP 343 (() => { const B=window.__ooga;return {scene:B?.scene,frames:B?.renderedFrames||0,curtain:!!document.getElementById("curtain"),renderer:B?.renderer?.k
DSB DONE 4495
DSB STEP 4537 (() => { const B=window.__ooga;return {scene:B?.scene,frames:B?.renderedFrames||0,curtain:!!document.getElementById("curtain"),renderer:B?.renderer?.k
DSB DONE 4555
DSB STEP 4596 (() => { const B=window.__ooga;return {scene:B?.scene,frames:B?.renderedFrames||0,curtain:!!document.getElementById("curtain"),renderer:B?.renderer?.k
DSB DONE 4597
DSB STEP 4638 (() => { const B=window.__ooga;return {scene:B?.scene,frames:B?.renderedFrames||0,curtain:!!document.getElementById("curtain"),renderer:B?.renderer?.k
DSB DONE 4646
DSB STEP 4686 (() => { const B=window.__ooga;return {scene:B?.scene,frames:B?.renderedFrames||0,curtain:!!document.getElementById("curtain"),renderer:B?.renderer?.k
DSB DONE 4688
DSB STEP 4729 (() => { const B=window.__ooga;return {scene:B?.scene,frames:B?.renderedFrames||0,curtain:!!document.getElementById("curtain"),renderer:B?.renderer?.k
DSB DONE 4730
DSB STEP 4730 new Promise((resolve) => { const t0 = performance.now(); const tick = () => { if (window.BL.scene.tweenCount() === 0 || performance.now() - t0 > 4000)
DSB DONE 4795
DSB STEP 4795 (() => {
    const B = __ooga, roofs = B.mouths.map(m => {
      const x = m.x - Math.sin(m.ry) * 4.8, z = m.z - Math.cos(m.ry) * 4.8;
      return { 
DSB DONE 12177
CHECK PASS gorilla lounging: resting goals and settled poses stay on inactive cave or HQ roofs, or nearby inactive frontage {"goals":160,"inactive":200,"violations":[]}
CHECK PASS gorilla inactive roofs: clean console 12.2s 
DSB STEP 41 (() => { const B=window.__ooga;return {scene:B?.scene,frames:B?.renderedFrames||0,curtain:!!document.getElementById("curtain"),renderer:B?.renderer?.k
DSB DONE 43
DSB STEP 90 (() => { const B=window.__ooga;return {scene:B?.scene,frames:B?.renderedFrames||0,curtain:!!document.getElementById("curtain"),renderer:B?.renderer?.k
DSB DONE 90
DSB STEP 132 (() => { const B=window.__ooga;return {scene:B?.scene,frames:B?.renderedFrames||0,curtain:!!document.getElementById("curtain"),renderer:B?.renderer?.k
DSB DONE 134
DSB STEP 176 (() => { const B=window.__ooga;return {scene:B?.scene,frames:B?.renderedFrames||0,curtain:!!document.getElementById("curtain"),renderer:B?.renderer?.k
DSB DONE 176
DSB STEP 219 (() => { const B=window.__ooga;return {scene:B?.scene,frames:B?.renderedFrames||0,curtain:!!document.getElementById("curtain"),renderer:B?.renderer?.k
DSB DONE 219
DSB STEP 260 (() => { const B=window.__ooga;return {scene:B?.scene,frames:B?.renderedFrames||0,curtain:!!document.getElementById("curtain"),renderer:B?.renderer?.k
DSB DONE 261
DSB STEP 303 (() => { const B=window.__ooga;return {scene:B?.scene,frames:B?.renderedFrames||0,curtain:!!document.getElementById("curtain"),renderer:B?.renderer?.k
DSB DONE 303
DSB STEP 345 (() => { const B=window.__ooga;return {scene:B?.scene,frames:B?.renderedFrames||0,curtain:!!document.getElementById("curtain"),renderer:B?.renderer?.k
DSB STEP 1999 (() => { const B=window.__ooga;return {scene:B?.scene,frames:B?.renderedFrames||0,curtain:!!document.getElementById("curtain"),renderer:B?.renderer?.k
DSB DONE 6558
DSB STEP 6599 (() => { const B=window.__ooga;return {scene:B?.scene,frames:B?.renderedFrames||0,curtain:!!document.getElementById("curtain"),renderer:B?.renderer?.k
DSB DONE 6600
DSB STEP 6640 (() => { const B=window.__ooga;return {scene:B?.scene,frames:B?.renderedFrames||0,curtain:!!document.getElementById("curtain"),renderer:B?.renderer?.k
DSB DONE 6641
DSB STEP 6682 (() => { const B=window.__ooga;return {scene:B?.scene,frames:B?.renderedFrames||0,curtain:!!document.getElementById("curtain"),renderer:B?.renderer?.k
DSB DONE 6690
DSB STEP 6690 new Promise((resolve) => { const t0 = performance.now(); const tick = () => { if (window.BL.scene.tweenCount() === 0 || performance.now() - t0 > 4000)
DSB DONE 6757
DSB STEP 6757 (() => {
    const B = __ooga, C = B.clankers, e = C.list.find(e => e.owner.traits.name === "portlandhodl");
    B.pilot.release(true); C.release(); C
DSB DONE 12850
CHECK PASS gorilla rooftop hop: neighbouring roofs are reached in both directions by continuous jumps with real upper-level footing and no relocation [{"from":{"id":"c1","x":13.399999999999999,"z":-23.209480821422957,"y":7},"to":{"id":"c2","x":23.209480821422954,"z":-13.400000000000004,"y":6.75},"start":{"x":14.814213562373094,"y":7,"z":-24.623694383796053},"target":{"x":22.148820649643135,"y":7.5,"z":-17.289087296526017},"jumps":1,"climbed":false,"minY":6.5,"landed":true,"y":7.5,"floor":7.5,"recoveries":0,"trace":[{"t":0,"x":14.84603336752649,"y":7,"z":-24.59187457864266,"jump":false,"climb":false,"runUp":0.04499999999999941,"jumps":0},{"t":0.2,"x":15.22787102936723,"y":7,"z":-24.21003691680194,"jump":false,"climb":false,"runUp":0.5849999999999924,"jumps":0},{"t":0.4,"x":15.609708691207972,"y":7,"z":-23.82819925496122,"jump":false,"climb":false,"runUp":1.1249999999999851,"jumps":0},{"t":0.6,"x":15.991546353048713,"y":7,"z":-23.4463615931205,"jump":false,"climb":false,"runUp":1.5,"jumps":0},{"t":0.8,"x":16.373384014889435,"y":6.75,"z":-23.06452393127978,"jump":false,"climb":false,"runUp":1.5,"jumps":0},{"t":0.9833333333333333,"x":16.69158206642337,"y":6.75,"z":-22.746325879745847,"jump":true,"climb":false,"runUp":0,"jumps":1},{"t":1,"x":16.723401871576762,"y":6.9319953703703705,"z":-22.714506074592453,"jump":true,"climb":false,"runUp":0,"jumps":1},{"t":1.2,"x":17.105239533417496,"y":8.903606481481482,"z":-22.332668412751715,"jump":true,"climb":false,"runUp":0,"jumps":1},{"t":1.4,"x":17.48707719525823,"y":10.483217592592595,"z":-21.950830750910974,"jump":true,"climb":false,"runUp":0,"jumps":1},{"t":1.6,"x":17.868914857098964,"y":11.670828703703709,"z":-21.568993089070236,"jump":true,"climb":false,"runUp":0,"jumps":1},{"t":1.8,"x":18.2507525189397,"y":12.46643981481482,"z":-21.1871554272295,"jump":true,"climb":false,"runUp":0,"jumps":1},{"t":2,"x":18.632590180780433,"y":12.87005092592593,"z":-20.80531776538876,"jump":true,"climb":false,"runUp":0,"jumps":1},{"t":2.2,"x":19.014427842621163,"y":12.881662037037042,"z":-20.423480103548023,"jump":true,"climb":false,"runUp":0,"jumps":1},{"t":2.4,"x":19.396265504461894,"y":12.501273148148158,"z":-20.04164244170729,"jump":true,"climb":false,"runUp":0,"jumps":1},{"t":2.6,"x":19.77810316630263,"y":11.728884259259278,"z":-19.65980477986655,"jump":true,"climb":false,"runUp":0,"jumps":1},{"t":2.8,"x":20.15994082814336,"y":10.564495370370402,"z":-19.277967118025817,"jump":true,"climb":false,"runUp":0,"jumps":1},{"t":3,"x":20.54177848998409,"y":9.008106481481532,"z":-18.89612945618508,"jump":true,"climb":false,"runUp":0,"jumps":1},{"t":3.2,"x":20.92361615182482,"y":7.059717592592665,"z":-18.514291794344345,"jump":true,"climb":false,"runUp":0,"jumps":1},{"t":3.216666666666667,"x":20.93422275354263,"y":7,"z":-18.503685192626534,"jump":false,"climb":false,"runUp":0,"jumps":1},{"t":3.4,"x":21.093321779309587,"y":7,"z":-18.344586166859578,"jump":false,"climb":false,"runUp":0,"jumps":1},{"t":3.6,"x":21.220600999923146,"y":7,"z":-18.21730694624602,"jump":false,"climb":false,"runUp":0,"jumps":1},{"t":3.8,"x":21.347880220536705,"y":7,"z":-18.09002772563246,"jump":false,"climb":false,"runUp":0,"jumps":1},{"t":4,"x":21.475159441150264,"y":7,"z":-17.9627485050189,"jump":false,"climb":false,"runUp":0,"jumps":1},{"t":4.2,"x":21.602438661763824,"y":7.25,"z":-17.83546928440534,"jump":false,"climb":false,"runUp":0,"jumps":1},{"t":4.4,"x":21.729717882377383,"y":7.25,"z":-17.70819006379178,"jump":false,"climb":false,"runUp":0,"jumps":1},{"t":4.6,"x":21.856997102990942,"y":7.5,"z":-17.580910843178216,"jump":false,"climb":false,"runUp":0,"jumps":1},{"t":4.8,"x":21.9842763236045,"y":7.25,"z":-17.453631622564654,"jump":false,"climb":false,"runUp":0,"jumps":1}]},{"from":{"id":"c2","x":23.209480821422954,"z":-13.400000000000004,"y":6.75},"to":{"id":"c1","x":13.399999999999999,"z":-23.209480821422957,"y":7},"start":{"x":24.62369438379605,"y":6.5,"z":-14.8142135623731},"target":{"x":17.28908729652601,"y":6.5,"z":-22.148820649643138},"jumps":1,"climbed":false,"minY":6.5,"landed":true,"y":6.5,"floor":6.5,"recoveries":0,"trace":[{"t":0,"x":24.591874578642656,"y":6.5,"z":-14.846033367526495,"jump":false,"climb":false,"runUp":0.04499999999999941,"jumps":0},{"t":0.2,"x":24.210036916801936,"y":6.75,"z":-15.227871029367236,"jump":false,"climb":false,"runUp":0.5849999999999924,"jumps":0},{"t":0.4,"x":23.828199254961216,"y":6.75,"z":-15.609708691207977,"jump":false,"climb":false,"runUp":1.1249999999999851,"jumps":0},{"t":0.6,"x":23.446361593120496,"y":7,"z":-15.991546353048719,"jump":false,"climb":false,"runUp":1.5,"jumps":0},{"t":0.8,"x":23.064523931279776,"y":7.25,"z":-16.37338401488944,"jump":false,"climb":false,"runUp":1.5,"jumps":0},{"t":1,"x":22.61921436073168,"y":7.25,"z":-16.654768332723524,"jump":false,"climb":false,"runUp":1.5,"jumps":0},{"t":1.2,"x":22.114796577498627,"y":7.25,"z":-16.847481732296142,"jump":false,"climb":false,"runUp":1.5,"jumps":0},{"t":1.4,"x":21.751293097353855,"y":7.25,"z":-17.246812697690313,"jump":false,"climb":false,"runUp":1.5,"jumps":0},{"t":1.5666666666666667,"x":21.4672065387539,"y":7,"z":-17.529822085059465,"jump":true,"climb":false,"runUp":0,"jumps":1},{"t":1.6,"x":21.406832084733697,"y":7.374684799382717,"z":-17.596567311868295,"jump":true,"climb":false,"runUp":0,"jumps":1},{"t":1.8,"x":21.044585360612476,"y":9.394126929012348,"z":-17.997038672721285,"jump":true,"climb":false,"runUp":0,"jumps":1},{"t":2,"x":20.682338636491252,"y":11.021569058641976,"z":-18.39751003357427,"jump":true,"climb":false,"runUp":0,"jumps":1},{"t":2.2,"x":20.32009191237003,"y":12.257011188271605,"z":-18.79798139442726,"jump":true,"climb":false,"runUp":0,"jumps":1},{"t":2.4,"x":19.95784518824881,"y":13.100453317901236,"z":-19.198452755280247,"jump":true,"climb":false,"runUp":0,"jumps":1},{"t":2.6,"x":19.59559846412759,"y":13.551895447530868,"z":-19.598924116133233,"jump":true,"climb":false,"runUp":0,"jumps":1},{"t":2.8,"x":19.23335174000637,"y":13.6113375771605,"z":-19.999395476986223,"jump":true,"climb":false,"runUp":0,"jumps":1},{"t":3,"x":18.87110501588515,"y":13.278779706790129,"z":-20.399866837839213,"jump":true,"climb":false,"runUp":0,"jumps":1},{"t":3.2,"x":18.508858291763925,"y":12.554221836419751,"z":-20.800338198692202,"jump":true,"climb":false,"runUp":0,"jumps":1},{"t":3.4,"x":18.1466115676427,"y":11.437663966049367,"z":-21.200809559545192,"jump":true,"climb":false,"runUp":0,"jumps":1},{"t":3.6,"x":17.784364843521477,"y":9.929106095678982,"z":-21.60128092039818,"jump":true,"climb":false,"runUp":0,"jumps":1},{"t":3.8,"x":17.422118119400253,"y":8.028548225308588,"z":-22.001752281251175,"jump":true,"climb":false,"runUp":0,"jumps":1},{"t":3.95,"x":17.173912030650538,"y":6.5,"z":-22.27614932479858,"jump":false,"climb":false,"runUp":0,"jumps":1}]}]
CHECK PASS gorilla rooftop hop: clean console 12.8s 
DSB STEP 46 (() => { const B=window.__ooga;return {scene:B?.scene,frames:B?.renderedFrames||0,curtain:!!document.getElementById("curtain"),renderer:B?.renderer?.k
DSB DONE 48
DSB STEP 92 (() => { const B=window.__ooga;return {scene:B?.scene,frames:B?.renderedFrames||0,curtain:!!document.getElementById("curtain"),renderer:B?.renderer?.k
DSB DONE 92
DSB STEP 133 (() => { const B=window.__ooga;return {scene:B?.scene,frames:B?.renderedFrames||0,curtain:!!document.getElementById("curtain"),renderer:B?.renderer?.k
DSB DONE 134
DSB STEP 175 (() => { const B=window.__ooga;return {scene:B?.scene,frames:B?.renderedFrames||0,curtain:!!document.getElementById("curtain"),renderer:B?.renderer?.k
DSB DONE 176
DSB STEP 218 (() => { const B=window.__ooga;return {scene:B?.scene,frames:B?.renderedFrames||0,curtain:!!document.getElementById("curtain"),renderer:B?.renderer?.k
DSB DONE 219
DSB STEP 261 (() => { const B=window.__ooga;return {scene:B?.scene,frames:B?.renderedFrames||0,curtain:!!document.getElementById("curtain"),renderer:B?.renderer?.k
DSB DONE 262
DSB STEP 303 (() => { const B=window.__ooga;return {scene:B?.scene,frames:B?.renderedFrames||0,curtain:!!document.getElementById("curtain"),renderer:B?.renderer?.k
DSB DONE 304
DSB STEP 346 (() => { const B=window.__ooga;return {scene:B?.scene,frames:B?.renderedFrames||0,curtain:!!document.getElementById("curtain"),renderer:B?.renderer?.k
DSB DONE 346
DSB STEP 389 (() => { const B=window.__ooga;return {scene:B?.scene,frames:B?.renderedFrames||0,curtain:!!document.getElementById("curtain"),renderer:B?.renderer?.k
DSB DONE 4718
DSB STEP 4761 (() => { const B=window.__ooga;return {scene:B?.scene,frames:B?.renderedFrames||0,curtain:!!document.getElementById("curtain"),renderer:B?.renderer?.k
DSB DONE 4770
DSB STEP 4812 (() => { const B=window.__ooga;return {scene:B?.scene,frames:B?.renderedFrames||0,curtain:!!document.getElementById("curtain"),renderer:B?.renderer?.k
DSB DONE 4813
DSB STEP 4855 (() => { const B=window.__ooga;return {scene:B?.scene,frames:B?.renderedFrames||0,curtain:!!document.getElementById("curtain"),renderer:B?.renderer?.k
DSB DONE 4858
DSB STEP 4898 (() => { const B=window.__ooga;return {scene:B?.scene,frames:B?.renderedFrames||0,curtain:!!document.getElementById("curtain"),renderer:B?.renderer?.k
DSB DONE 4899
DSB STEP 4941 (() => { const B=window.__ooga;return {scene:B?.scene,frames:B?.renderedFrames||0,curtain:!!document.getElementById("curtain"),renderer:B?.renderer?.k
DSB DONE 4943
DSB STEP 4943 new Promise((resolve) => { const t0 = performance.now(); const tick = () => { if (window.BL.scene.tweenCount() === 0 || performance.now() - t0 > 4000)
DSB DONE 5042
DSB STEP 5042 (() => {
    const B = __ooga, C = B.clankers, e = C.list.find(e => e.owner.traits.name === "portlandhodl"), m = B.mouths.find(m => m.id === "c9");
  
DSB DONE 5348
CHECK PASS gorilla stone core: a clear pelvis point cannot admit a walking step that buries the torso center in stone {"face":-6.750000000000022,"rootClear":true,"torsoBuried":true,"admitted":false,"trace":[{"frame":0,"x":-27.66800000000002,"y":0,"z":-0.02399999999999631,"heading":4.595722313718023,"climbing":false,"freeClimb":false,"climbAxis":0},{"frame":12,"x":-27.88400000000003,"y":0,"z":-0.31199999999999634,"heading":3.785093762383078,"climbing":false,"freeClimb":false,"climbAxis":0},{"frame":24,"x":-27.974000000000032,"y":0,"z":-0.5999999999999965,"heading":3.785093762383078,"climbing":false,"freeClimb":false,"climbAxis":0},{"frame":36,"x":-27.974000000000032,"y":0,"z":-0.8879999999999968,"heading":3.785093762383078,"climbing":false,"freeClimb":false,"climbAxis":0},{"frame":48,"x":-27.974000000000032,"y":0,"z":-1.175999999999997,"heading":3.785093762383078,"climbing":false,"freeClimb":false,"climbAxis":0},{"frame":60,"x":-27.974000000000032,"y":0,"z":-1.4639999999999973,"heading":3.785093762383078,"climbing":false,"freeClimb":false,"climbAxis":0},{"frame":72,"x":-27.974000000000032,"y":0,"z":-1.7519999999999976,"heading":3.785093762383078,"climbing":false,"freeClimb":false,"climbAxis":0},{"frame":84,"x":-27.974000000000032,"y":0,"z":-2.039999999999998,"heading":3.785093762383078,"climbing":false,"freeClimb":false,"climbAxis":0}],"slide":{"tangent":2.1600000000000015,"movingFrames":90,"buriedFrames":0}}
CHECK PASS gorilla stone core: clean console 5.3s 
DSB STEP 36 (() => { const B=window.__ooga;return {scene:B?.scene,frames:B?.renderedFrames||0,curtain:!!document.getElementById("curtain"),renderer:B?.renderer?.k
DSB DONE 78
DSB STEP 120 (() => { const B=window.__ooga;return {scene:B?.scene,frames:B?.renderedFrames||0,curtain:!!document.getElementById("curtain"),renderer:B?.renderer?.k
DSB DONE 127
DSB STEP 168 (() => { const B=window.__ooga;return {scene:B?.scene,frames:B?.renderedFrames||0,curtain:!!document.getElementById("curtain"),renderer:B?.renderer?.k
DSB DONE 169
DSB STEP 210 (() => { const B=window.__ooga;return {scene:B?.scene,frames:B?.renderedFrames||0,curtain:!!document.getElementById("curtain"),renderer:B?.renderer?.k
DSB DONE 210
DSB STEP 252 (() => { const B=window.__ooga;return {scene:B?.scene,frames:B?.renderedFrames||0,curtain:!!document.getElementById("curtain"),renderer:B?.renderer?.k
DSB DONE 252
DSB STEP 294 (() => { const B=window.__ooga;return {scene:B?.scene,frames:B?.renderedFrames||0,curtain:!!document.getElementById("curtain"),renderer:B?.renderer?.k
DSB DONE 295
DSB STEP 335 (() => { const B=window.__ooga;return {scene:B?.scene,frames:B?.renderedFrames||0,curtain:!!document.getElementById("curtain"),renderer:B?.renderer?.k
DSB STEP 388 (() => { const B=window.__ooga;return {scene:B?.scene,frames:B?.renderedFrames||0,curtain:!!document.getElementById("curtain"),renderer:B?.renderer?.k
DSB DONE 4660
DSB STEP 4702 (() => { const B=window.__ooga;return {scene:B?.scene,frames:B?.renderedFrames||0,curtain:!!document.getElementById("curtain"),renderer:B?.renderer?.k
DSB DONE 4706
DSB STEP 4748 (() => { const B=window.__ooga;return {scene:B?.scene,frames:B?.renderedFrames||0,curtain:!!document.getElementById("curtain"),renderer:B?.renderer?.k
DSB DONE 4749
DSB STEP 4791 (() => { const B=window.__ooga;return {scene:B?.scene,frames:B?.renderedFrames||0,curtain:!!document.getElementById("curtain"),renderer:B?.renderer?.k
DSB DONE 4797
DSB STEP 4839 (() => { const B=window.__ooga;return {scene:B?.scene,frames:B?.renderedFrames||0,curtain:!!document.getElementById("curtain"),renderer:B?.renderer?.k
DSB DONE 4847
DSB STEP 4889 (() => { const B=window.__ooga;return {scene:B?.scene,frames:B?.renderedFrames||0,curtain:!!document.getElementById("curtain"),renderer:B?.renderer?.k
DSB DONE 4896
DSB STEP 4896 new Promise((resolve) => { const t0 = performance.now(); const tick = () => { if (window.BL.scene.tweenCount() === 0 || performance.now() - t0 > 4000)
DSB DONE 4961
DSB STEP 4962 (() => {
    const B = __ooga, C = B.clankers, e = C.list.find(e => e.owner.traits.name === "portlandhodl"), m = B.mouths.find(m => m.id === "c1");
  
DSB DONE 7925
CHECK PASS gorilla wall handoff: jumping during an edge mount and grabbing the wall again cannot resume the previous mount or drift away from the wall {"mounted":true,"jumped":true,"released":true,"reattached":true,"staleMount":false,"facingCorrected":true,"wrongFacing":0,"panelError":0,"maxDistance":3.101665029397435,"maxDrift":1.7955000000000252,"attachY":1.6098886805989803,"y":3.5,"floor":3.5,"active":false,"airborne":false,"trace":[{"t":0,"x":14.019486372867089,"y":5.5,"z":-17.48246269382532,"active":true,"mount":true,"handoff":0,"airborne":false,"target":[13.311734700866513,4.8,-16.67595509917096]},{"t":0.2,"x":13.742458594716144,"y":5.5,"z":-17.16677992563431,"active":true,"mount":true,"handoff":0,"airborne":false,"target":[13.311734700866513,4.8,-16.67595509917096]},{"t":0.4,"x":13.465430816565199,"y":5.254999999999999,"z":-16.8510971574433,"active":true,"mount":true,"handoff":0,"airborne":false,"target":[13.311734700866513,4.8,-16.67595509917096]},{"t":0.5,"x":13.350002575668972,"y":5.079999999999998,"z":-16.71956267069704,"active":false,"mount":false,"handoff":0,"airborne":true,"target":[13.311734700866513,4.8,-16.67595509917096]},{"t":0.5166666666666667,"x":13.363009530060214,"y":5.176618478600215,"z":-16.662900014905514,"active":false,"mount":false,"handoff":0,"airborne":true,"target":[13.311734700866513,4.8,-16.67595509917096]},{"t":0.6,"x":13.408840111377655,"y":5.618877538267964,"z":-16.400625115456037,"active":false,"mount":false,"handoff":0,"airborne":true,"target":[13.311734700866513,4.8,-16.67595509917096]},{"t":0.8,"x":13.427752857655904,"y":6.402632614803895,"z":-15.890645894784074,"active":false,"mount":false,"handoff":0,"airborne":true,"target":[13.311734700866513,4.8,-16.67595509917096]},{"t":1,"x":13.425021578255434,"y":6.794387691339826,"z":-15.588054767248027,"active":false,"mount":false,"handoff":0,"airborne":true,"target":[13.311734700866513,4.8,-16.67595509917096]},{"t":1.2,"x":13.423522620339035,"y":6.7941427678757575,"z":-15.421989235477433,"active":false,"mount":false,"handoff":0,"airborne":true,"target":[13.311734700866513,4.8,-16.67595509917096]},{"t":1.4,"x":13.58136421067555,"y":6.401897844411689,"z":-15.467371276203357,"active":false,"mount":false,"handoff":0,"airborne":true,"target":[13.311734700866513,4.8,-16.67595509917096]},{"t":1.6,"x":14.035440966353462,"y":5.617652920947621,"z":-15.808446660572596,"active":false,"mount":false,"handoff":0,"airborne":true,"target":[13.311734700866513,4.8,-16.67595509917096]},{"t":1.8,"x":14.654014667318553,"y":4.441407997483546,"z":-16.313453723434034,"active":false,"mount":false,"handoff":0,"airborne":true,"target":[13.311734700866513,4.8,-16.67595509917096]},{"t":2,"x":15.362866205959168,"y":2.8731630740194727,"z":-16.908428398976408,"active":false,"mount":false,"handoff":0,"airborne":true,"target":[13.311734700866513,4.8,-16.67595509917096]},{"t":2.2,"x":15.842699774426716,"y":1.71488868059898,"z":-17.300681376429313,"active":true,"mount":false,"handoff":0,"airborne":false,"target":[13.311734700866513,4.8,-16.67595509917096]},{"t":2.4,"x":15.842699774426716,"y":2.134888680598981,"z":-17.300681376429313,"active":true,"mount":false,"handoff":0,"airborne":false,"target":[13.311734700866513,null,-16.67595509917096]},{"t":2.6,"x":15.842699774426716,"y":2.5321386805989823,"z":-17.300681376429313,"active":true,"mount":false,"handoff":-2,"airborne":false,"target":[16.828466039769435,3.5,-18.8067573606055]},{"t":2.8,"x":15.842699774426716,"y":3.0991386805989825,"z":-17.300681376429313,"active":true,"mount":false,"handoff":-2,"airborne":false,"target":[16.828466039769435,3.5,-18.8067573606055]},{"t":3,"x":15.9462052322877,"y":3.4771386805989826,"z":-17.458819354767815,"active":true,"mount":false,"handoff":-2,"airborne":false,"target":[16.828466039769435,3.5,-18.8067573606055]},{"t":3.2,"x":16.256721605870666,"y":3.4771386805989826,"z":-17.93323328978332,"active":true,"mount":false,"handoff":-2,"airborne":false,"target":[16.828466039769435,3.5,-18.8067573606055]},{"t":3.4,"x":16.567237979453633,"y":3.5,"z":-18.407647224798826,"active":true,"mount":false,"handoff":-2,"airborne":false,"target":[16.828466039769435,3.5,-18.8067573606055]},{"t":3.6,"x":16.82600162410609,"y":3.5,"z":-18.80299217064508,"active":false,"mount":false,"handoff":0,"airborne":false,"target":[16.828466039769435,3.5,-18.8067573606055]},{"t":3.8,"x":16.82600162410609,"y":3.5,"z":-18.80299217064508,"active":false,"mount":false,"handoff":0,"airborne":false,"target":[16.828466039769435,3.5,-18.8067573606055]},{"t":4,"x":16.82600162410609,"y":3.5,"z":-18.80299217064508,"active":false,"mount":false,"handoff":0,"airborne":false,"target":[16.828466039769435,3.5,-18.8067573606055]},{"t":4.2,"x":16.82600162410609,"y":3.5,"z":-18.80299217064508,"active":false,"mount":false,"handoff":0,"airborne":false,"target":[16.828466039769435,3.5,-18.8067573606055]},{"t":4.4,"x":16.82600162410609,"y":3.5,"z":-18.80299217064508,"active":false,"mount":false,"handoff":0,"airborne":false,"target":[16.828466039769435,3.5,-18.8067573606055]},{"t":4.6,"x":16.82600162410609,"y":3.5,"z":-18.80299217064508,"active":false,"mount":false,"handoff":0,"airborne":false,"target":[16.828466039769435,3.5,-18.8067573606055]},{"t":4.8,"x":16.82600162410609,"y":3.5,"z":-18.80299217064508,"active":false,"mount":false,"handoff":0,"airborne":false,"target":[16.828466039769435,3.5,-18.8067573606055]},{"t":5,"x":16.82600162410609,"y":3.5,"z":-18.80299217064508,"active":false,"mount":false,"handoff":0,"airborne":false,"target":[16.828466039769435,3.5,-18.8067573606055]}]}
CHECK PASS gorilla wall handoff: clean console 7.9s 
DSB STEP 47 (() => { const B=window.__ooga;return {scene:B?.scene,frames:B?.renderedFrames||0,curtain:!!document.getElementById("curtain"),renderer:B?.renderer?.k
DSB DONE 48
DSB STEP 93 (() => { const B=window.__ooga;return {scene:B?.scene,frames:B?.renderedFrames||0,curtain:!!document.getElementById("curtain"),renderer:B?.renderer?.k
DSB DONE 94
DSB STEP 136 (() => { const B=window.__ooga;return {scene:B?.scene,frames:B?.renderedFrames||0,curtain:!!document.getElementById("curtain"),renderer:B?.renderer?.k
DSB DONE 137
DSB STEP 178 (() => { const B=window.__ooga;return {scene:B?.scene,frames:B?.renderedFrames||0,curtain:!!document.getElementById("curtain"),renderer:B?.renderer?.k
DSB DONE 179
DSB STEP 221 (() => { const B=window.__ooga;return {scene:B?.scene,frames:B?.renderedFrames||0,curtain:!!document.getElementById("curtain"),renderer:B?.renderer?.k
DSB DONE 222
DSB STEP 264 (() => { const B=window.__ooga;return {scene:B?.scene,frames:B?.renderedFrames||0,curtain:!!document.getElementById("curtain"),renderer:B?.renderer?.k
DSB DONE 265
DSB STEP 307 (() => { const B=window.__ooga;return {scene:B?.scene,frames:B?.renderedFrames||0,curtain:!!document.getElementById("curtain"),renderer:B?.renderer?.k
DSB DONE 308
DSB STEP 350 (() => { const B=window.__ooga;return {scene:B?.scene,frames:B?.renderedFrames||0,curtain:!!document.getElementById("curtain"),renderer:B?.renderer?.k
DSB DONE 4674
DSB STEP 4716 (() => { const B=window.__ooga;return {scene:B?.scene,frames:B?.renderedFrames||0,curtain:!!document.getElementById("curtain"),renderer:B?.renderer?.k
DSB DONE 4726
DSB STEP 4767 (() => { const B=window.__ooga;return {scene:B?.scene,frames:B?.renderedFrames||0,curtain:!!document.getElementById("curtain"),renderer:B?.renderer?.k
DSB DONE 4776
DSB STEP 4817 (() => { const B=window.__ooga;return {scene:B?.scene,frames:B?.renderedFrames||0,curtain:!!document.getElementById("curtain"),renderer:B?.renderer?.k
DSB DONE 4825
DSB STEP 4866 (() => { const B=window.__ooga;return {scene:B?.scene,frames:B?.renderedFrames||0,curtain:!!document.getElementById("curtain"),renderer:B?.renderer?.k
DSB DONE 4867
DSB STEP 4907 (() => { const B=window.__ooga;return {scene:B?.scene,frames:B?.renderedFrames||0,curtain:!!document.getElementById("curtain"),renderer:B?.renderer?.k
DSB DONE 4908
DSB STEP 4908 new Promise((resolve) => { const t0 = performance.now(); const tick = () => { if (window.BL.scene.tweenCount() === 0 || performance.now() - t0 > 4000)
DSB DONE 4974
DSB STEP 4974 (() => {
    const B = __ooga, C = B.clankers, e = C.list.find(e => e.owner.traits.name === "portlandhodl"), rows = [];
    B.pilot.release(true); C.r
DSB DONE 10687
CHECK PASS gorilla edge first descent: both active cave faces mount once, jump sideways halfway down and land away from the entrance without remounting or relocation [{"id":"c1","along":2.4,"x":12.2,"z":-21.131019852340305,"roof":6.75,"mounts":1,"aborts":0,"up":0,"departures":1,"departureY":3.529999999999987,"middle":3.5,"y":0,"across":-5.624999999999999,"outward":3.2000000000000006,"floor":0,"active":false,"airborne":false,"recoveries":0,"trace":[{"t":0,"x":12.2,"y":6.75,"z":-21.131019852340305,"active":true,"free":true,"fromTop":true,"progress":0,"heading":2.6287077537485932,"wallHeading":2.6287077537485932,"mantleStart":0,"basePrepEnd":0,"lowerExit":true,"descending":true,"mount":true,"handoff":0,"blocked":0,"failure":"","target":[10.47373737071954,4.95,-18.141426810449946],"blend":null},{"t":0.1,"x":12.094989950211936,"y":6.75,"z":-20.949160320163653,"active":true,"free":true,"fromTop":true,"progress":0,"heading":2.6287077537485932,"wallHeading":2.6287077537485932,"mantleStart":0,"basePrepEnd":0,"lowerExit":true,"descending":true,"mount":true,"handoff":0,"blocked":0,"failure":"","target":[10.47373737071954,4.95,-18.141426810449946],"blend":0.006554825581234204},{"t":0.2,"x":11.989979900423872,"y":6.75,"z":-20.767300787987,"active":true,"free":true,"fromTop":true,"progress":0,"heading":2.6287077537485932,"wallHeading":2.6287077537485932,"mantleStart":0,"basePrepEnd":0,"lowerExit":true,"descending":true,"mount":true,"handoff":0,"blocked":0,"failure":"","target":[10.47373737071954,4.95,-18.141426810449946],"blend":0.024991020357677817},{"t":0.3,"x":11.884969850635807,"y":6.75,"z":-20.58544125581035,"active":true,"free":true,"fromTop":true,"progress":0,"heading":2.6287077537485932,"wallHeading":2.6287077537485932,"mantleStart":0,"basePrepEnd":0,"lowerExit":true,"descending":true,"mount":true,"handoff":0,"blocked":0,"failure":"","target":[10.47373737071954,4.95,-18.141426810449946],"blend":0.05347321725886258},{"t":0.4,"x":11.779959800847733,"y":6.75,"z":-20.403581723633696,"active":true,"free":true,"fromTop":true,"progress":0,"heading":2.6287077537485932,"wallHeading":2.6287077537485932,"mantleStart":0,"basePrepEnd":0,"lowerExit":true,"descending":true,"mount":true,"handoff":0,"blocked":0,"failure":"","target":[10.47373737071954,4.95,-18.141426810449946],"blend":0.09017761339862808},{"t":0.5,"x":11.674949751059659,"y":6.75,"z":-20.221722191457044,"active":true,"free":true,"fromTop":true,"progress":0,"heading":2.6287077537485932,"wallHeading":2.6287077537485932,"mantleStart":0,"basePrepEnd":0,"lowerExit":true,"descending":true,"mount":true,"handoff":0,"blocked":0,"failure":"","target":[10.47373737071954,4.95,-18.141426810449946],"blend":0.13329541837492337},{"t":0.6,"x":11.569939701271585,"y":6.75,"z":-20.03986265928039,"active":true,"free":true,"fromTop":true,"progress":0,"heading":2.6287077537485932,"wallHeading":2.6287077537485932,"mantleStart":0,"basePrepEnd":0,"lowerExit":true,"descending":true,"mount":true,"handoff":0,"blocked":0,"failure":"","target":[10.47373737071954,4.95,-18.141426810449946],"blend":0.18103749152013235},{"t":0.7,"x":11.46492965148351,"y":6.75,"z":-19.85800312710374,"active":true,"free":true,"fromTop":true,"progress":0,"heading":2.6287077537485932,"wallHeading":2.6287077537485932,"mantleStart":0,"basePrepEnd":0,"lowerExit":true,"descending":true,"mount":true,"handoff":0,"blocked":0,"failure":"","target":[10.47373737071954,4.95,-18.141426810449946],"blend":0.23164060895238428},{"t":0.8,"x":11.359919601695436,"y":6.75,"z":-19.676143594927087,"active":true,"free":true,"fromTop":true,"progress":0,"heading":2.6287077537485932,"wallHeading":2.6287077537485932,"mantleStart":0,"basePrepEnd":0,"lowerExit":true,"descending":true,"mount":true,"handoff":0,"blocked":0,"failure":"","target":[10.47373737071954,4.95,-18.141426810449946],"blend":0.2833759563110692},{"t":0.9,"x":11.254909551907362,"y":6.75,"z":-19.494284062750435,"active":true,"free":true,"fromTop":true,"progress":0,"heading":2.6287077537485932,"wallHeading":2.6287077537485932,"mantleStart":0,"basePrepEnd":0,"lowerExit":true,"descending":true,"mount":true,"handoff":0,"blocked":0,"failure":"","target":[10.47373737071954,4.95,-18.141426810449946],"blend":0.3345606307565248},{"t":1,"x":11.149899502119288,"y":6.75,"z":-19.312424530573782,"active":true,"free":true,"fromTop":true,"progress":0,"heading":2.6287077537485932,"wallHeading":2.6287077537485932,"mantleStart":0,"basePrepEnd":0,"lowerExit":true,"descending":true,"mount":true,"handoff":0,"blocked":0,"failure":"","target":[10.47373737071954,4.95,-18.141426810449946],"blend":0.3835731342899735},{"t":1.1,"x":11.044889452331214,"y":6.75,"z":-19.13056499839713,"active":true,"free":true,"fromTop":true,"progress":0,"heading":2.6287077537485932,"wallHeading":2.6287077537485932,"mantleStart":0,"basePrepEnd":0,"lowerExit":true,"descending":true,"mount":true,"handoff":0,"blocked":0,"failure":"","target":[10.47373737071954,4.95,-18.141426810449946],"blend":0.42887398811396393},{"t":1.2,"x":10.93987940254314,"y":6.75,"z":-18.948705466220478,"active":true,"free":true,"fromTop":true,"progress":0,"heading":2.6287077537485932,"wallHeading":2.6287077537485932,"mantleStart":0,"basePrepEnd":0,"lowerExit":true,"descending":true,"mount":true,"handoff":0,"blocked":0,"failure":"","target":[10.47373737071954,4.95,-18.141426810449946],"blend":0.4690325645217255},{"t":1.3,"x":10.834869352755065,"y":6.75,"z":-18.766845934043825,"active":true,"free":true,"fromTop":true,"progress":0,"heading":2.6287077537485932,"wallHeading":2.6287077537485932,"mantleStart":0,"basePrepEnd":0,"lowerExit":true,"descending":true,"mount":true,"handoff":0,"blocked":0,"failure":"","target":[10.47373737071954,4.95,-18.141426810449946],"blend":0.5027607980168616},{"t":1.4,"x":10.729859302966991,"y":6.75,"z":-18.584986401867173,"active":true,"free":true,"fromTop":true,"progress":0,"heading":2.6287077537485932,"wallHeading":2.6287077537485932,"mantleStart":0,"basePrepEnd":0,"lowerExit":true,"descending":true,"mount":true,"handoff":0,"blocked":0,"failure":"","target":[10.47373737071954,4.95,-18.141426810449946],"blend":0.528953320028369},{"t":1.5,"x":10.624849253178917,"y":6.574999999999999,"z":-18.403126869690524,"active":true,"free":true,"fromTop":true,"progress":0,"heading":2.6287077537485932,"wallHeading":2.6287077537485932,"mantleStart":0,"basePrepEnd":0,"lowerExit":true,"descending":true,"mount":true,"handoff":0,"blocked":0,"failure":"","target":[10.47373737071954,4.95,-18.141426810449946],"blend":0.612328378465183},{"t":1.6,"x":10.519839203390843,"y":6.364999999999998,"z":-18.221267337513876,"active":true,"free":true,"fromTop":true,"progress":0,"heading":2.6287077537485932,"wallHeading":2.6287077537485932,"mantleStart":0,"basePrepEnd":0,"lowerExit":true,"descending":true,"mount":true,"handoff":0,"blocked":0,"failure":"","target":[10.47373737071954,4.95,-18.141426810449946],"blend":0.6986674125685256},{"t":1.7,"x":10.47373737071954,"y":6.154999999999998,"z":-18.141426810449946,"active":true,"free":true,"fromTop":true,"progress":0,"heading":2.6287077537485932,"wallHeading":2.6287077537485932,"mantleStart":0,"basePrepEnd":0,"lowerExit":true,"descending":true,"mount":true,"handoff":0,"blocked":0,"failure":"","target":[10.47373737071954,4.95,-18.141426810449946],"blend":0.7719138494826746},{"t":1.8,"x":10.47373737071954,"y":5.944999999999997,"z":-18.141426810449946,"active":true,"free":true,"fromTop":true,"progress":0,"heading":2.6287077537485932,"wallHeading":2.6287077537485932,"mantleStart":0,"basePrepEnd":0,"lowerExit":true,"descending":true,"mount":true,"handoff":0,"blocked":0,"failure":"","target":[10.47373737071954,4.95,-18.141426810449946],"blend":0.8374393843655575},{"t":1.9,"x":10.47373737071954,"y":5.734999999999996,"z":-18.141426810449946,"active":true,"free":true,"fromTop":true,"progress":0,"heading":2.6287077537485932,"wallHeading":2.6287077537485932,"mantleStart":0,"basePrepEnd":0,"lowerExit":true,"descending":true,"mount":true,"handoff":0,"blocked":0,"failure":"","target":[10.47373737071954,4.95,-18.141426810449946],"blend":0.894431062799133},{"t":2,"x":10.47373737071954,"y":5.524999999999995,"z":-18.141426810449946,"active":true,"free":true,"fromTop":true,"progress":0,"heading":2.6287077537485932,"wallHeading":2.6287077537485932,"mantleStart":0,"basePrepEnd":0,"lowerExit":true,"descending":true,"mount":true,"handoff":0,"blocked":0,"failure":"","target":[10.47373737071954,4.95,-18.141426810449946],"blend":0.9410057068713303},{"t":2.1,"x":10.47373737071954,"y":5.314999999999994,"z":-18.141426810449946,"active":true,"free":true,"fromTop":true,"progress":0,"heading":2.6287077537485932,"wallHeading":2.6287077537485932,"mantleStart":0,"basePrepEnd":0,"lowerExit":true,"descending":true,"mount":true,"handoff":0,"blocked":0,"failure":"","target":[10.47373737071954,4.95,-18.141426810449946],"blend":0.9752801386700789},{"t":2.2,"x":10.47373737071954,"y":5.104999999999993,"z":-18.141426810449946,"active":true,"free":true,"fromTop":true,"progress":0,"heading":2.6287077537485932,"wallHeading":2.6287077537485932,"mantleStart":0,"basePrepEnd":0,"lowerExit":true,"descending":true,"mount":true,"handoff":0,"blocked":0,"failure":"","target":[10.47373737071954,4.95,-18.141426810449946],"blend":0.9953711802833083},{"t":2.3,"x":10.47373737071954,"y":4.8949999999999925,"z":-18.141426810449946,"active":true,"free":true,"fromTop":true,"progress":0,"heading":2.6287077537485932,"wallHeading":2.6287077537485932,"mantleStart":0,"basePrepEnd":0,"lowerExit":true,"descending":true,"mount":false,"handoff":0,"blocked":0,"failure":"","target":[10.47373737071954,4.95,-18.141426810449946],"blend":1},{"t":2.4,"x":10.47373737071954,"y":4.684999999999992,"z":-18.141426810449946,"active":true,"free":true,"fromTop":true,"progress":0,"heading":2.6287077537485932,"wallHeading":2.6287077537485932,"mantleStart":0,"basePrepEnd":0,"lowerExit":true,"descending":true,"mount":false,"handoff":0,"blocked":0,"failure":"","target":[10.47373737071954,4.95,-18.141426810449946],"blend":1},{"t":2.5,"x":10.47373737071954,"y":4.474999999999991,"z":-18.141426810449946,"active":true,"free":true,"fromTop":true,"progress":0,"heading":2.6287077537485932,"wallHeading":2.6287077537485932,"mantleStart":0,"basePrepEnd":0,"lowerExit":true,"descending":true,"mount":false,"handoff":0,"blocked":0,"failure":"","target":[10.47373737071954,4.95,-18.141426810449946],"blend":1},{"t":2.6,"x":10.47373737071954,"y":4.26499999999999,"z":-18.141426810449946,"active":true,"free":true,"fromTop":true,"progress":0,"heading":2.6287077537485932,"wallHeading":2.6287077537485932,"mantleStart":0,"basePrepEnd":0,"lowerExit":true,"descending":true,"mount":false,"handoff":0,"blocked":0,"failure":"","target":[10.47373737071954,4.95,-18.141426810449946],"blend":1},{"t":2.7,"x":10.47373737071954,"y":4.054999999999989,"z":-18.141426810449946,"active":true,"free":true,"fromTop":true,"progress":0,"heading":2.6287077537485932,"wallHeading":2.6287077537485932,"mantleStart":0,"basePrepEnd":0,"lowerExit":true,"descending":true,"mount":false,"handoff":0,"blocked":0,"failure":"","target":[10.47373737071954,4.95,-18.141426810449946],"blend":1},{"t":2.8,"x":10.47373737071954,"y":3.844999999999988,"z":-18.141426810449946,"active":true,"free":true,"fromTop":true,"progress":0,"heading":2.6287077537485932,"wallHeading":2.6287077537485932,"mantleStart":0,"basePrepEnd":0,"lowerExit":true,"descending":true,"mount":false,"handoff":0,"blocked":0,"failure":"","target":[10.47373737071954,4.95,-18.141426810449946],"blend":1},{"t":2.9,"x":10.47373737071954,"y":3.6349999999999874,"z":-18.141426810449946,"active":true,"free":true,"fromTop":true,"progress":0,"heading":2.6287077537485932,"wallHeading":2.6287077537485932,"mantleStart":0,"basePrepEnd":0,"lowerExit":true,"descending":true,"mount":false,"handoff":0,"blocked":0,"failure":"","target":[10.47373737071954,4.95,-18.141426810449946],"blend":1},{"t":2.966666666666667,"x":10.47373737071954,"y":3.529999999999987,"z":-18.141426810449946,"active":false,"free":false,"fromTop":true,"progress":0,"heading":-1.7296369004661611,"wallHeading":2.6287077537485932,"mantleStart":0,"basePrepEnd":0,"lowerExit":true,"descending":true,"mount":false,"handoff":0,"blocked":0,"failure":"","target":[10.47373737071954,4.95,-18.141426810449946],"blend":null},{"t":3,"x":10.365122123593661,"y":3.633495306162709,"z":-18.158825893523034,"active":false,"free":false,"fromTop":true,"progress":0,"heading":-1.7296369004661611,"wallHeading":2.6287077537485932,"mantleStart":0,"basePrepEnd":0,"lowerExit":true,"descending":true,"mount":false,"handoff":0,"blocked":0,"failure":"","target":[10.47373737071954,4.95,-18.141426810449946],"blend":null},{"t":3.1,"x":10.039276382216023,"y":3.906467149976455,"z":-18.2110231427423,"active":false,"free":false,"fromTop":true,"progress":0,"heading":-1.7296369004661611,"wallHeading":2.6287077537485932,"mantleStart":0,"basePrepEnd":0,"lowerExit":true,"descending":true,"mount":false,"handoff":0,"blocked":0,"failure":"","target":[10.47373737071954,4.95,-18.141426810449946],"blend":null},{"t":3.2,"x":9.713430640838386,"y":4.123167881778569,"z":-18.26322039196156,"active":false,"free":false,"fromTop":true,"progress":0,"heading":-1.7296369004661611,"wallHeading":2.6287077537485932,"mantleStart":0,"basePrepEnd":0,"lowerExit":true,"descending":true,"mount":false,"handoff":0,"blocked":0,"failure":"","target":[10.47373737071954,4.95,-18.141426810449946],"blend":null},{"t":3.3,"x":9.38758489946075,"y":4.283597501569051,"z":-18.315417641180822,"active":false,"free":false,"fromTop":true,"progress":0,"heading":-1.7296369004661611,"wallHeading":2.6287077537485932,"mantleStart":0,"basePrepEnd":0,"lowerExit":true,"descending":true,"mount":false,"handoff":0,"blocked":0,"failure":"","target":[10.47373737071954,4.95,-18.141426810449946],"blend":null},{"t":3.4,"x":9.061739158083112,"y":4.3877560093479016,"z":-18.367614890400088,"active":false,"free":false,"fromTop":true,"progress":0,"heading":-1.7296369004661611,"wallHeading":2.6287077537485932,"mantleStart":0,"basePrepEnd":0,"lowerExit":true,"descending":true,"mount":false,"handoff":0,"blocked":0,"failure":"","target":[10.47373737071954,4.95,-18.141426810449946],"blend":null},{"t":3.5,"x":8.735893416705474,"y":4.43564340511512,"z":-18.41981213961935,"active":false,"free":false,"fromTop":true,"progress":0,"heading":-1.7296369004661611,"wallHeading":2.6287077537485932,"mantleStart":0,"basePrepEnd":0,"lowerExit":true,"descending":true,"mount":false,"handoff":0,"blocked":0,"failure":"","target":[10.47373737071954,4.95,-18.141426810449946],"blend":null},{"t":3.6,"x":8.410047675327837,"y":4.427259688870707,"z":-18.472009388838615,"active":false,"free":false,"fromTop":true,"progress":0,"heading":-1.7296369004661611,"wallHeading":2.6287077537485932,"mantleStart":0,"basePrepEnd":0,"lowerExit":true,"descending":true,"mount":false,"handoff":0,"blocked":0,"failure":"","target":[10.47373737071954,4.95,-18.141426810449946],"blend":null},{"t":3.7,"x":8.084201933950201,"y":4.362604860614663,"z":-18.524206638057876,"active":false,"free":false,"fromTop":true,"progress":0,"heading":-1.7296369004661611,"wallHeading":2.6287077537485932,"mantleStart":0,"basePrepEnd":0,"lowerExit":true,"descending":true,"mount":false,"handoff":0,"blocked":0,"failure":"","target":[10.47373737071954,4.95,-18.141426810449946],"blend":null},{"t":3.8,"x":7.758356192572562,"y":4.2416789203469865,"z":-18.57640388727714,"active":false,"free":false,"fromTop":true,"progress":0,"heading":-1.7296369004661611,"wallHeading":2.6287077537485932,"mantleStart":0,"basePrepEnd":0,"lowerExit":true,"descending":true,"mount":false,"handoff":0,"blocked":0,"failure":"","target":[10.47373737071954,4.95,-18.141426810449946],"blend":null},{"t":3.9,"x":7.432510451194926,"y":4.064481868067679,"z":-18.628601136496403,"active":false,"free":false,"fromTop":true,"progress":0,"heading":-1.7296369004661611,"wallHeading":2.6287077537485932,"mantleStart":0,"basePrepEnd":0,"lowerExit":true,"descending":true,"mount":false,"handoff":0,"blocked":0,"failure":"","target":[10.47373737071954,4.95,-18.141426810449946],"blend":null},{"t":4,"x":7.106664709817286,"y":3.831013703776737,"z":-18.68079838571567,"active":false,"free":false,"fromTop":true,"progress":0,"heading":-1.7296369004661611,"wallHeading":2.6287077537485932,"mantleStart":0,"basePrepEnd":0,"lowerExit":true,"descending":true,"mount":false,"handoff":0,"blocked":0,"failure":"","target":[10.47373737071954,4.95,-18.141426810449946],"blend":null},{"t":4.1,"x":6.780818968439647,"y":3.541274427474163,"z":-18.73299563493493,"active":false,"free":false,"fromTop":true,"progress":0,"heading":-1.7296369004661611,"wallHeading":2.6287077537485932,"mantleStart":0,"basePrepEnd":0,"lowerExit":true,"descending":true,"mount":false,"handoff":0,"blocked":0,"failure":"","target":[10.47373737071954,4.95,-18.141426810449946],"blend":null},{"t":4.2,"x":6.454973227062007,"y":3.1952640391599574,"z":-18.785192884154196,"active":false,"free":false,"fromTop":true,"progress":0,"heading":-1.7296369004661611,"wallHeading":2.6287077537485932,"mantleStart":0,"basePrepEnd":0,"lowerExit":true,"descending":true,"mount":false,"handoff":0,"blocked":0,"failure":"","target":[10.47373737071954,4.95,-18.141426810449946],"blend":null},{"t":4.3,"x":6.129127485684368,"y":2.7929825388341194,"z":-18.837390133373457,"active":false,"free":false,"fromTop":true,"progress":0,"heading":-1.7296369004661611,"wallHeading":2.6287077537485932,"mantleStart":0,"basePrepEnd":0,"lowerExit":true,"descending":true,"mount":false,"handoff":0,"blocked":0,"failure":"","target":[10.47373737071954,4.95,-18.141426810449946],"blend":null},{"t":4.4,"x":5.803281744306728,"y":2.3344299264966484,"z":-18.889587382592723,"active":false,"free":false,"fromTop":true,"progress":0,"heading":-1.7296369004661611,"wallHeading":2.6287077537485932,"mantleStart":0,"basePrepEnd":0,"lowerExit":true,"descending":true,"mount":false,"handoff":0,"blocked":0,"failure":"","target":[10.47373737071954,4.95,-18.141426810449946],"blend":null},{"t":4.5,"x":5.47743600292909,"y":1.8196062021475456,"z":-18.941784631811984,"active":false,"free":false,"fromTop":true,"progress":0,"heading":-1.7296369004661611,"wallHeading":2.6287077537485932,"mantleStart":0,"basePrepEnd":0,"lowerExit":true,"descending":true,"mount":false,"handoff":0,"blocked":0,"failure":"","target":[10.47373737071954,4.95,-18.141426810449946],"blend":null},{"t":4.6,"x":5.15159026155145,"y":1.2485113657868103,"z":-18.99398188103125,"active":false,"free":false,"fromTop":true,"progress":0,"heading":-1.7296369004661611,"wallHeading":2.6287077537485932,"mantleStart":0,"basePrepEnd":0,"lowerExit":true,"descending":true,"mount":false,"handoff":0,"blocked":0,"failure":"","target":[10.47373737071954,4.95,-18.141426810449946],"blend":null},{"t":4.7,"x":4.825744520173811,"y":0.6211454174144425,"z":-19.04617913025051,"active":false,"free":false,"fromTop":true,"progress":0,"heading":-1.7296369004661611,"wallHeading":2.6287077537485932,"mantleStart":0,"basePrepEnd":0,"lowerExit":true,"descending":true,"mount":false,"handoff":0,"blocked":0,"failure":"","target":[10.47373737071954,4.95,-18.141426810449946],"blend":null},{"t":4.8,"x":4.528607103712531,"y":0,"z":-19.09377759114745,"active":false,"free":false,"fromTop":true,"progress":0,"heading":-1.7296369004661611,"wallHeading":2.6287077537485932,"mantleStart":0,"basePrepEnd":0,"lowerExit":true,"descending":true,"mount":false,"handoff":0,"blocked":0,"failure":"","target":[10.47373737071954,4.95,-18.141426810449946],"blend":null}]},{"id":"c11","along":0.15,"x":-11.07500000000001,"z":-19.18246269382531,"roof":6.75,"mounts":1,"aborts":0,"up":0,"departures":1,"departureY":3.4249999999999865,"middle":3.375,"y":0,"across":5.624999999999999,"outward":3.2000000000000006,"floor":0,"active":false,"airborne":false,"recoveries":0,"trace":[{"t":0,"x":-11.07500000000001,"y":6.75,"z":-19.18246269382531,"active":true,"free":true,"fromTop":true,"progress":0,"heading":3.6544775534309926,"wallHeading":3.6544775534309926,"mantleStart":0,"basePrepEnd":0,"lowerExit":true,"descending":true,"mount":true,"handoff":0,"blocked":0,"failure":"","target":[-10.473270612222963,4.95,-18.141689666608904],"blend":null},{"t":0.1,"x":-10.969890128162195,"y":6.75,"z":-19.00066083783302,"active":true,"free":true,"fromTop":true,"progress":0,"heading":3.6544775534309926,"wallHeading":3.6544775534309926,"mantleStart":0,"basePrepEnd":0,"lowerExit":true,"descending":true,"mount":true,"handoff":0,"blocked":0,"failure":"","target":[-10.473270612222963,4.95,-18.141689666608904],"blend":0.00737892268456041},{"t":0.2,"x":-10.86478025632438,"y":6.75,"z":-18.81885898184073,"active":true,"free":true,"fromTop":true,"progress":0,"heading":3.6544775534309926,"wallHeading":3.6544775534309926,"mantleStart":0,"basePrepEnd":0,"lowerExit":true,"descending":true,"mount":true,"handoff":0,"blocked":0,"failure":"","target":[-10.473270612222963,4.95,-18.141689666608904],"blend":0.024487892156887733},{"t":0.3,"x":-10.759670384486565,"y":6.75,"z":-18.63705712584844,"active":true,"free":true,"fromTop":true,"progress":0,"heading":3.6544775534309926,"wallHeading":3.6544775534309926,"mantleStart":0,"basePrepEnd":0,"lowerExit":true,"descending":true,"mount":true,"handoff":0,"blocked":0,"failure":"","target":[-10.473270612222963,4.95,-18.141689666608904],"blend":0.04456546853407789},{"t":0.4,"x":-10.65456051264875,"y":6.645,"z":-18.45525526985615,"active":true,"free":true,"fromTop":true,"progress":0,"heading":3.6544775534309926,"wallHeading":3.6544775534309926,"mantleStart":0,"basePrepEnd":0,"lowerExit":true,"descending":true,"mount":true,"handoff":0,"blocked":0,"failure":"","target":[-10.473270612222963,4.95,-18.141689666608904],"blend":0.10328025860954353},{"t":0.5,"x":-10.549450640810935,"y":6.434999999999999,"z":-18.27345341386386,"active":true,"free":true,"fromTop":true,"progress":0,"heading":3.6544775534309926,"wallHeading":3.6544775534309926,"mantleStart":0,"basePrepEnd":0,"lowerExit":true,"descending":true,"mount":true,"handoff":0,"blocked":0,"failure":"","target":[-10.473270612222963,4.95,-18.141689666608904],"blend":0.22916981760201252},{"t":0.6,"x":-10.473270612222963,"y":6.224999999999998,"z":-18.141689666608904,"active":true,"free":true,"fromTop":true,"progress":0,"heading":3.6544775534309926,"wallHeading":3.6544775534309926,"mantleStart":0,"basePrepEnd":0,"lowerExit":true,"descending":true,"mount":true,"handoff":0,"blocked":0,"failure":"","target":[-10.473270612222963,4.95,-18.141689666608904],"blend":0.36785714029541455},{"t":0.7,"x":-10.473270612222963,"y":6.014999999999997,"z":-18.141689666608904,"active":true,"free":true,"fromTop":true,"progress":0,"heading":3.6544775534309926,"wallHeading":3.6544775534309926,"mantleStart":0,"basePrepEnd":0,"lowerExit":true,"descending":true,"mount":true,"handoff":0,"blocked":0,"failure":"","target":[-10.473270612222963,4.95,-18.141689666608904],"blend":0.5119710849266947},{"t":0.8,"x":-10.473270612222963,"y":5.804999999999996,"z":-18.141689666608904,"active":true,"free":true,"fromTop":true,"progress":0,"heading":3.6544775534309926,"wallHeading":3.6544775534309926,"mantleStart":0,"basePrepEnd":0,"lowerExit":true,"descending":true,"mount":true,"handoff":0,"blocked":0,"failure":"","target":[-10.473270612222963,4.95,-18.141689666608904],"blend":0.6551835356386863},{"t":0.9,"x":-10.473270612222963,"y":5.594999999999995,"z":-18.141689666608904,"active":true,"free":true,"fromTop":true,"progress":0,"heading":3.6544775534309926,"wallHeading":3.6544775534309926,"mantleStart":0,"basePrepEnd":0,"lowerExit":true,"descending":true,"mount":true,"handoff":0,"blocked":0,"failure":"","target":[-10.473270612222963,4.95,-18.141689666608904],"blend":0.7865364023444854},{"t":1,"x":-10.473270612222963,"y":5.3849999999999945,"z":-18.141689666608904,"active":true,"free":true,"fromTop":true,"progress":0,"heading":3.6544775534309926,"wallHeading":3.6544775534309926,"mantleStart":0,"basePrepEnd":0,"lowerExit":true,"descending":true,"mount":true,"handoff":0,"blocked":0,"failure":"","target":[-10.473270612222963,4.95,-18.141689666608904],"blend":0.8950715949571889},{"t":1.1,"x":-10.473270612222963,"y":5.174999999999994,"z":-18.141689666608904,"active":true,"free":true,"fromTop":true,"progress":0,"heading":3.6544775534309926,"wallHeading":3.6544775534309926,"mantleStart":0,"basePrepEnd":0,"lowerExit":true,"descending":true,"mount":true,"handoff":0,"blocked":0,"failure":"","target":[-10.473270612222963,4.95,-18.141689666608904],"blend":0.9698310233898935},{"t":1.2,"x":-10.473270612222963,"y":4.964999999999993,"z":-18.141689666608904,"active":true,"free":true,"fromTop":true,"progress":0,"heading":3.6544775534309926,"wallHeading":3.6544775534309926,"mantleStart":0,"basePrepEnd":0,"lowerExit":true,"descending":true,"mount":false,"handoff":0,"blocked":0,"failure":"","target":[-10.473270612222963,4.95,-18.141689666608904],"blend":0.9998565975556953},{"t":1.3,"x":-10.473270612222963,"y":4.754999999999992,"z":-18.141689666608904,"active":true,"free":true,"fromTop":true,"progress":0,"heading":3.6544775534309926,"wallHeading":3.6544775534309926,"mantleStart":0,"basePrepEnd":0,"lowerExit":true,"descending":true,"mount":false,"handoff":0,"blocked":0,"failure":"","target":[-10.473270612222963,4.95,-18.141689666608904],"blend":1},{"t":1.4,"x":-10.473270612222963,"y":4.544999999999991,"z":-18.141689666608904,"active":true,"free":true,"fromTop":true,"progress":0,"heading":3.6544775534309926,"wallHeading":3.6544775534309926,"mantleStart":0,"basePrepEnd":0,"lowerExit":true,"descending":true,"mount":false,"handoff":0,"blocked":0,"failure":"","target":[-10.473270612222963,4.95,-18.141689666608904],"blend":1},{"t":1.5,"x":-10.473270612222963,"y":4.33499999999999,"z":-18.141689666608904,"active":true,"free":true,"fromTop":true,"progress":0,"heading":3.6544775534309926,"wallHeading":3.6544775534309926,"mantleStart":0,"basePrepEnd":0,"lowerExit":true,"descending":true,"mount":false,"handoff":0,"blocked":0,"failure":"","target":[-10.473270612222963,4.95,-18.141689666608904],"blend":1},{"t":1.6,"x":-10.473270612222963,"y":4.124999999999989,"z":-18.141689666608904,"active":true,"free":true,"fromTop":true,"progress":0,"heading":3.6544775534309926,"wallHeading":3.6544775534309926,"mantleStart":0,"basePrepEnd":0,"lowerExit":true,"descending":true,"mount":false,"handoff":0,"blocked":0,"failure":"","target":[-10.473270612222963,4.95,-18.141689666608904],"blend":1},{"t":1.7,"x":-10.473270612222963,"y":3.9149999999999885,"z":-18.141689666608904,"active":true,"free":true,"fromTop":true,"progress":0,"heading":3.6544775534309926,"wallHeading":3.6544775534309926,"mantleStart":0,"basePrepEnd":0,"lowerExit":true,"descending":true,"mount":false,"handoff":0,"blocked":0,"failure":"","target":[-10.473270612222963,4.95,-18.141689666608904],"blend":1},{"t":1.8,"x":-10.473270612222963,"y":3.7049999999999876,"z":-18.141689666608904,"active":true,"free":true,"fromTop":true,"progress":0,"heading":3.6544775534309926,"wallHeading":3.6544775534309926,"mantleStart":0,"basePrepEnd":0,"lowerExit":true,"descending":true,"mount":false,"handoff":0,"blocked":0,"failure":"","target":[-10.473270612222963,4.95,-18.141689666608904],"blend":1},{"t":1.9,"x":-10.473270612222963,"y":3.494999999999987,"z":-18.141689666608904,"active":true,"free":true,"fromTop":true,"progress":0,"heading":3.6544775534309926,"wallHeading":3.6544775534309926,"mantleStart":0,"basePrepEnd":0,"lowerExit":true,"descending":true,"mount":false,"handoff":0,"blocked":0,"failure":"","target":[-10.473270612222963,4.95,-18.141689666608904],"blend":1},{"t":1.95,"x":-10.473270612222963,"y":3.4249999999999865,"z":-18.141689666608904,"active":false,"free":false,"fromTop":true,"progress":0,"heading":1.729606052413106,"wallHeading":3.6544775534309926,"mantleStart":0,"basePrepEnd":0,"lowerExit":true,"descending":true,"mount":false,"handoff":0,"blocked":0,"failure":"","target":[-10.473270612222963,4.95,-18.141689666608904],"blend":null},{"t":2,"x":-10.310346936519908,"y":3.574630768103031,"z":-18.16778326535276,"active":false,"free":false,"fromTop":true,"progress":0,"heading":1.729606052413106,"wallHeading":3.6544775534309926,"mantleStart":0,"basePrepEnd":0,"lowerExit":true,"descending":true,"mount":false,"handoff":0,"blocked":0,"failure":"","target":[-10.473270612222963,4.95,-18.141689666608904],"blend":null},{"t":2.1,"x":-9.984499585113795,"y":3.8327229886899907,"z":-18.21997046284047,"active":false,"free":false,"fromTop":true,"progress":0,"heading":1.729606052413106,"wallHeading":3.6544775534309926,"mantleStart":0,"basePrepEnd":0,"lowerExit":true,"descending":true,"mount":false,"handoff":0,"blocked":0,"failure":"","target":[-10.473270612222963,4.95,-18.141689666608904],"blend":null},{"t":2.2,"x":-9.658652233707683,"y":4.035922788451447,"z":-18.272157660328183,"active":false,"free":false,"fromTop":true,"progress":0,"heading":1.729606052413106,"wallHeading":3.6544775534309926,"mantleStart":0,"basePrepEnd":0,"lowerExit":true,"descending":true,"mount":false,"handoff":0,"blocked":0,"failure":"","target":[-10.473270612222963,4.95,-18.141689666608904],"blend":null},{"t":2.3,"x":-9.33280488230157,"y":4.184230167387398,"z":-18.324344857815895,"active":false,"free":false,"fromTop":true,"progress":0,"heading":1.729606052413106,"wallHeading":3.6544775534309926,"mantleStart":0,"basePrepEnd":0,"lowerExit":true,"descending":true,"mount":false,"handoff":0,"blocked":0,"failure":"","target":[-10.473270612222963,4.95,-18.141689666608904],"blend":null},{"t":2.4,"x":-9.006957530895455,"y":4.277645125497845,"z":-18.376532055303606,"active":false,"free":false,"fromTop":true,"progress":0,"heading":1.729606052413106,"wallHeading":3.6544775534309926,"mantleStart":0,"basePrepEnd":0,"lowerExit":true,"descending":true,"mount":false,"handoff":0,"blocked":0,"failure":"","target":[-10.473270612222963,4.95,-18.141689666608904],"blend":null},{"t":2.5,"x":-8.681110179489343,"y":4.316167662782787,"z":-18.428719252791318,"active":false,"free":false,"fromTop":true,"progress":0,"heading":1.729606052413106,"wallHeading":3.6544775534309926,"mantleStart":0,"basePrepEnd":0,"lowerExit":true,"descending":true,"mount":false,"handoff":0,"blocked":0,"failure":"","target":[-10.473270612222963,4.95,-18.141689666608904],"blend":null},{"t":2.6,"x":-8.35526282808323,"y":4.299797779242224,"z":-18.48090645027903,"active":false,"free":false,"fromTop":true,"progress":0,"heading":1.729606052413106,"wallHeading":3.6544775534309926,"mantleStart":0,"basePrepEnd":0,"lowerExit":true,"descending":true,"mount":false,"handoff":0,"blocked":0,"failure":"","target":[-10.473270612222963,4.95,-18.141689666608904],"blend":null},{"t":2.7,"x":-8.029415476677118,"y":4.228535474876157,"z":-18.53309364776674,"active":false,"free":false,"fromTop":true,"progress":0,"heading":1.729606052413106,"wallHeading":3.6544775534309926,"mantleStart":0,"basePrepEnd":0,"lowerExit":true,"descending":true,"mount":false,"handoff":0,"blocked":0,"failure":"","target":[-10.473270612222963,4.95,-18.141689666608904],"blend":null},{"t":2.8,"x":-7.703568125271005,"y":4.102380749684585,"z":-18.585280845254452,"active":false,"free":false,"fromTop":true,"progress":0,"heading":1.729606052413106,"wallHeading":3.6544775534309926,"mantleStart":0,"basePrepEnd":0,"lowerExit":true,"descending":true,"mount":false,"handoff":0,"blocked":0,"failure":"","target":[-10.473270612222963,4.95,-18.141689666608904],"blend":null},{"t":2.9,"x":-7.377720773864892,"y":3.9213336036675086,"z":-18.637468042742164,"active":false,"free":false,"fromTop":true,"progress":0,"heading":1.729606052413106,"wallHeading":3.6544775534309926,"mantleStart":0,"basePrepEnd":0,"lowerExit":true,"descending":true,"mount":false,"handoff":0,"blocked":0,"failure":"","target":[-10.473270612222963,4.95,-18.141689666608904],"blend":null},{"t":3,"x":-7.05187342245878,"y":3.6853940368249285,"z":-18.689655240229875,"active":false,"free":false,"fromTop":true,"progress":0,"heading":1.729606052413106,"wallHeading":3.6544775534309926,"mantleStart":0,"basePrepEnd":0,"lowerExit":true,"descending":true,"mount":false,"handoff":0,"blocked":0,"failure":"","target":[-10.473270612222963,4.95,-18.141689666608904],"blend":null},{"t":3.1,"x":-6.726026071052667,"y":3.3945620491568422,"z":-18.741842437717587,"active":false,"free":false,"fromTop":true,"progress":0,"heading":1.729606052413106,"wallHeading":3.6544775534309926,"mantleStart":0,"basePrepEnd":0,"lowerExit":true,"descending":true,"mount":false,"handoff":0,"blocked":0,"failure":"","target":[-10.473270612222963,4.95,-18.141689666608904],"blend":null},{"t":3.2,"x":-6.400178719646554,"y":3.048837640663252,"z":-18.7940296352053,"active":false,"free":false,"fromTop":true,"progress":0,"heading":1.729606052413106,"wallHeading":3.6544775534309926,"mantleStart":0,"basePrepEnd":0,"lowerExit":true,"descending":true,"mount":false,"handoff":0,"blocked":0,"failure":"","target":[-10.473270612222963,4.95,-18.141689666608904],"blend":null},{"t":3.3,"x":-6.074331368240441,"y":2.6482208113441574,"z":-18.84621683269301,"active":false,"free":false,"fromTop":true,"progress":0,"heading":1.729606052413106,"wallHeading":3.6544775534309926,"mantleStart":0,"basePrepEnd":0,"lowerExit":true,"descending":true,"mount":false,"handoff":0,"blocked":0,"failure":"","target":[-10.473270612222963,4.95,-18.141689666608904],"blend":null},{"t":3.4,"x":-5.748484016834328,"y":2.192711561199558,"z":-18.89840403018072,"active":false,"free":false,"fromTop":true,"progress":0,"heading":1.729606052413106,"wallHeading":3.6544775534309926,"mantleStart":0,"basePrepEnd":0,"lowerExit":true,"descending":true,"mount":false,"handoff":0,"blocked":0,"failure":"","target":[-10.473270612222963,4.95,-18.141689666608904],"blend":null},{"t":3.5,"x":-5.422636665428215,"y":1.6823098902294544,"z":-18.950591227668433,"active":false,"free":false,"fromTop":true,"progress":0,"heading":1.729606052413106,"wallHeading":3.6544775534309926,"mantleStart":0,"basePrepEnd":0,"lowerExit":true,"descending":true,"mount":false,"handoff":0,"blocked":0,"failure":"","target":[-10.473270612222963,4.95,-18.141689666608904],"blend":null},{"t":3.6,"x":-5.096789314022103,"y":1.117015798433846,"z":-19.002778425156144,"active":false,"free":false,"fromTop":true,"progress":0,"heading":1.729606052413106,"wallHeading":3.6544775534309926,"mantleStart":0,"basePrepEnd":0,"lowerExit":true,"descending":true,"mount":false,"handoff":0,"blocked":0,"failure":"","target":[-10.473270612222963,4.95,-18.141689666608904],"blend":null},{"t":3.7,"x":-4.770941962615989,"y":0.49682928581273234,"z":-19.054965622643856,"active":false,"free":false,"fromTop":true,"progress":0,"heading":1.729606052413106,"wallHeading":3.6544775534309926,"mantleStart":0,"basePrepEnd":0,"lowerExit":true,"descending":true,"mount":false,"handoff":0,"blocked":0,"failure":"","target":[-10.473270612222963,4.95,-18.141689666608904],"blend":null}]}]
CHECK PASS gorilla edge first descent: clean console 10.7s 
DSB STEP 65 (() => { const B=window.__ooga;return {scene:B?.scene,frames:B?.renderedFrames||0,curtain:!!document.getElementById("curtain"),renderer:B?.renderer?.k
DSB DONE 66
DSB STEP 108 (() => { const B=window.__ooga;return {scene:B?.scene,frames:B?.renderedFrames||0,curtain:!!document.getElementById("curtain"),renderer:B?.renderer?.k
DSB DONE 109
DSB STEP 151 (() => { const B=window.__ooga;return {scene:B?.scene,frames:B?.renderedFrames||0,curtain:!!document.getElementById("curtain"),renderer:B?.renderer?.k
DSB DONE 153
DSB STEP 195 (() => { const B=window.__ooga;return {scene:B?.scene,frames:B?.renderedFrames||0,curtain:!!document.getElementById("curtain"),renderer:B?.renderer?.k
DSB DONE 197
DSB STEP 239 (() => { const B=window.__ooga;return {scene:B?.scene,frames:B?.renderedFrames||0,curtain:!!document.getElementById("curtain"),renderer:B?.renderer?.k
DSB DONE 240
DSB STEP 281 (() => { const B=window.__ooga;return {scene:B?.scene,frames:B?.renderedFrames||0,curtain:!!document.getElementById("curtain"),renderer:B?.renderer?.k
DSB DONE 282
DSB STEP 324 (() => { const B=window.__ooga;return {scene:B?.scene,frames:B?.renderedFrames||0,curtain:!!document.getElementById("curtain"),renderer:B?.renderer?.k
DSB DONE 4492
DSB STEP 4535 (() => { const B=window.__ooga;return {scene:B?.scene,frames:B?.renderedFrames||0,curtain:!!document.getElementById("curtain"),renderer:B?.renderer?.k
DSB DONE 4555
DSB STEP 4597 (() => { const B=window.__ooga;return {scene:B?.scene,frames:B?.renderedFrames||0,curtain:!!document.getElementById("curtain"),renderer:B?.renderer?.k
DSB DONE 4598
DSB STEP 4639 (() => { const B=window.__ooga;return {scene:B?.scene,frames:B?.renderedFrames||0,curtain:!!document.getElementById("curtain"),renderer:B?.renderer?.k
DSB DONE 4644
DSB STEP 4686 (() => { const B=window.__ooga;return {scene:B?.scene,frames:B?.renderedFrames||0,curtain:!!document.getElementById("curtain"),renderer:B?.renderer?.k
DSB DONE 4695
DSB STEP 4695 new Promise((resolve) => { const t0 = performance.now(); const tick = () => { if (window.BL.scene.tweenCount() === 0 || performance.now() - t0 > 4000)
DSB DONE 4793
DSB STEP 4794 (() => {
    const B = __ooga, C = B.clankers, e = C.list.find(e => e.owner.traits.name === "portlandhodl"), m = B.mouths.find(m => m.id === "c1");
  
DSB DONE 6727
CHECK PASS gorilla roof descent: the autonomous OBL roof departure reaches the main floor without climbing back onto the roof or relocation {"roof":7,"mounted":true,"reversals":0,"minY":0,"y":0,"floor":0,"active":false,"recoveries":0,"trace":[{"t":0,"x":11.074999999999998,"y":7,"z":-19.182462693825318,"active":true,"free":true,"descending":true,"mount":true,"handoff":0,"blocked":0,"goal":[8.499999999999996,0,-14.72243186433546],"phase":"chill","owner":"chilling","failure":"","search":false,"lounge":"","resume":false},{"t":0.5,"x":10.549450640810923,"y":6.684999999999999,"z":-18.273453413863866,"active":true,"free":true,"descending":true,"mount":true,"handoff":0,"blocked":0,"goal":[8.499999999999996,0,-14.72243186433546],"phase":"chill","owner":"chilling","failure":"","search":false,"lounge":"","resume":false},{"t":1,"x":10.47327061222295,"y":5.6349999999999945,"z":-18.14168966660891,"active":true,"free":true,"descending":true,"mount":true,"handoff":0,"blocked":0,"goal":[8.499999999999996,0,-14.72243186433546],"phase":"chill","owner":"chilling","failure":"","search":false,"lounge":"","resume":false},{"t":1.5,"x":10.47327061222295,"y":4.58499999999999,"z":-18.14168966660891,"active":true,"free":true,"descending":true,"mount":false,"handoff":0,"blocked":0,"goal":[8.499999999999996,0,-14.72243186433546],"phase":"chill","owner":"chilling","failure":"","search":false,"lounge":"","resume":false},{"t":2,"x":10.47327061222295,"y":3.534999999999986,"z":-18.14168966660891,"active":true,"free":true,"descending":true,"mount":false,"handoff":0,"blocked":0,"goal":[8.499999999999996,0,-14.72243186433546],"phase":"chill","owner":"chilling","failure":"","search":false,"lounge":"","resume":false},{"t":2.5,"x":8.898341747093406,"y":4.42457042195886,"z":-18.393927787799516,"active":false,"free":false,"descending":true,"mount":false,"handoff":0,"blocked":0,"goal":[8.499999999999996,0,-14.72243186433546],"phase":"chill","owner":"chilling","failure":"","search":false,"lounge":"","resume":false},{"t":3,"x":7.269104990062843,"y":3.9596283308834472,"z":-18.654863775238077,"active":false,"free":false,"descending":true,"mount":false,"handoff":0,"blocked":0,"goal":[8.499999999999996,0,-14.72243186433546],"phase":"chill","owner":"chilling","failure":"","search":false,"lounge":"","resume":false},{"t":3.5,"x":5.639868233032278,"y":2.086021132854677,"z":-18.915799762676635,"active":false,"free":false,"descending":true,"mount":false,"handoff":0,"blocked":0,"goal":[8.499999999999996,0,-14.72243186433546],"phase":"chill","owner":"chilling","failure":"","search":false,"lounge":"","resume":false}]}
CHECK PASS gorilla roof descent: clean console 6.7s 
DSB STEP 50 (() => { const B=window.__ooga;return {scene:B?.scene,frames:B?.renderedFrames||0,curtain:!!document.getElementById("curtain"),renderer:B?.renderer?.k
DSB DONE 51
DSB STEP 93 (() => { const B=window.__ooga;return {scene:B?.scene,frames:B?.renderedFrames||0,curtain:!!document.getElementById("curtain"),renderer:B?.renderer?.k
DSB DONE 94
DSB STEP 136 (() => { const B=window.__ooga;return {scene:B?.scene,frames:B?.renderedFrames||0,curtain:!!document.getElementById("curtain"),renderer:B?.renderer?.k
DSB DONE 138
DSB STEP 179 (() => { const B=window.__ooga;return {scene:B?.scene,frames:B?.renderedFrames||0,curtain:!!document.getElementById("curtain"),renderer:B?.renderer?.k
DSB DONE 180
DSB STEP 222 (() => { const B=window.__ooga;return {scene:B?.scene,frames:B?.renderedFrames||0,curtain:!!document.getElementById("curtain"),renderer:B?.renderer?.k
DSB DONE 223
DSB STEP 265 (() => { const B=window.__ooga;return {scene:B?.scene,frames:B?.renderedFrames||0,curtain:!!document.getElementById("curtain"),renderer:B?.renderer?.k
DSB DONE 266
DSB STEP 308 (() => { const B=window.__ooga;return {scene:B?.scene,frames:B?.renderedFrames||0,curtain:!!document.getElementById("curtain"),renderer:B?.renderer?.k
DSB DONE 309
DSB STEP 350 (() => { const B=window.__ooga;return {scene:B?.scene,frames:B?.renderedFrames||0,curtain:!!document.getElementById("curtain"),renderer:B?.renderer?.k
DSB STEP 407 (() => { const B=window.__ooga;return {scene:B?.scene,frames:B?.renderedFrames||0,curtain:!!document.getElementById("curtain"),renderer:B?.renderer?.k
DSB DONE 4848
DSB STEP 4891 (() => { const B=window.__ooga;return {scene:B?.scene,frames:B?.renderedFrames||0,curtain:!!document.getElementById("curtain"),renderer:B?.renderer?.k
DSB DONE 4956
DSB STEP 4998 (() => { const B=window.__ooga;return {scene:B?.scene,frames:B?.renderedFrames||0,curtain:!!document.getElementById("curtain"),renderer:B?.renderer?.k
DSB DONE 5010
DSB STEP 5052 (() => { const B=window.__ooga;return {scene:B?.scene,frames:B?.renderedFrames||0,curtain:!!document.getElementById("curtain"),renderer:B?.renderer?.k
DSB DONE 5091
DSB STEP 5131 (() => { const B=window.__ooga;return {scene:B?.scene,frames:B?.renderedFrames||0,curtain:!!document.getElementById("curtain"),renderer:B?.renderer?.k
DSB DONE 5147
DSB STEP 5148 new Promise((resolve) => { const t0 = performance.now(); const tick = () => { if (window.BL.scene.tweenCount() === 0 || performance.now() - t0 > 4000)
DSB DONE 5174
DSB STEP 5174 (() => {
    const B = __ooga, C = B.clankers, e = C.list.find(e => e.owner.traits.name === "w-s-bitcoin");
    B.pilot.release(true); C.release(); C.
DSB DONE 10257
CHECK PASS gorilla work apron descent: the worker climbs from the ramp roof onto the ground without stalling or relocation {"roof":7.25,"mounted":true,"landed":true,"maxBlocked":0,"y":0,"recoveries":0,"trace":[{"t":0,"x":15,"y":7.25,"z":17,"route":"apron","active":true,"free":true,"blocked":0,"recoveries":0},{"t":1,"x":13.74275723252854,"y":7.004999999999999,"z":15.317935606571305,"route":"apron","active":true,"free":true,"blocked":0,"recoveries":0},{"t":2,"x":14.443172289092463,"y":5.38680934494814,"z":14.32942581803233,"route":"apron","active":true,"free":true,"blocked":0,"recoveries":0},{"t":3,"x":14.952891722277526,"y":4.248367427237808,"z":13.682723723220901,"route":"apron","active":true,"free":true,"blocked":0,"recoveries":0},{"t":4,"x":14.954100385607672,"y":3.0356792975028726,"z":13.436479862113764,"route":"apron","active":true,"free":true,"blocked":0,"recoveries":0},{"t":5,"x":14.955309048937817,"y":1.8229911677679462,"z":13.190236001006625,"route":"apron","active":true,"free":true,"blocked":0,"recoveries":0},{"t":6,"x":15.645780739083651,"y":1.0805290475220781,"z":12.268322856991881,"route":"apron","active":true,"free":true,"blocked":0,"recoveries":0},{"t":7,"x":16.514062049668297,"y":0.9815340981559624,"z":11.417165914488875,"route":"apron","active":true,"free":true,"blocked":0,"recoveries":0}]}
CHECK PASS gorilla work apron descent: clean console 10.3s 
DSB STEP 36 (() => { const B=window.__ooga;return {scene:B?.scene,frames:B?.renderedFrames||0,curtain:!!document.getElementById("curtain"),renderer:B?.renderer?.k
DSB DONE 69
DSB STEP 111 (() => { const B=window.__ooga;return {scene:B?.scene,frames:B?.renderedFrames||0,curtain:!!document.getElementById("curtain"),renderer:B?.renderer?.k
DSB DONE 112
DSB STEP 154 (() => { const B=window.__ooga;return {scene:B?.scene,frames:B?.renderedFrames||0,curtain:!!document.getElementById("curtain"),renderer:B?.renderer?.k
DSB DONE 154
DSB STEP 196 (() => { const B=window.__ooga;return {scene:B?.scene,frames:B?.renderedFrames||0,curtain:!!document.getElementById("curtain"),renderer:B?.renderer?.k
DSB DONE 198
DSB STEP 239 (() => { const B=window.__ooga;return {scene:B?.scene,frames:B?.renderedFrames||0,curtain:!!document.getElementById("curtain"),renderer:B?.renderer?.k
DSB DONE 240
DSB STEP 282 (() => { const B=window.__ooga;return {scene:B?.scene,frames:B?.renderedFrames||0,curtain:!!document.getElementById("curtain"),renderer:B?.renderer?.k
DSB DONE 283
DSB STEP 325 (() => { const B=window.__ooga;return {scene:B?.scene,frames:B?.renderedFrames||0,curtain:!!document.getElementById("curtain"),renderer:B?.renderer?.k
DSB DONE 326
DSB STEP 367 (() => { const B=window.__ooga;return {scene:B?.scene,frames:B?.renderedFrames||0,curtain:!!document.getElementById("curtain"),renderer:B?.renderer?.k
DSB DONE 4713
DSB STEP 4754 (() => { const B=window.__ooga;return {scene:B?.scene,frames:B?.renderedFrames||0,curtain:!!document.getElementById("curtain"),renderer:B?.renderer?.k
DSB DONE 4764
DSB STEP 4806 (() => { const B=window.__ooga;return {scene:B?.scene,frames:B?.renderedFrames||0,curtain:!!document.getElementById("curtain"),renderer:B?.renderer?.k
DSB DONE 4813
DSB STEP 4855 (() => { const B=window.__ooga;return {scene:B?.scene,frames:B?.renderedFrames||0,curtain:!!document.getElementById("curtain"),renderer:B?.renderer?.k
DSB DONE 4862
DSB STEP 4904 (() => { const B=window.__ooga;return {scene:B?.scene,frames:B?.renderedFrames||0,curtain:!!document.getElementById("curtain"),renderer:B?.renderer?.k
DSB DONE 4912
DSB STEP 4954 (() => { const B=window.__ooga;return {scene:B?.scene,frames:B?.renderedFrames||0,curtain:!!document.getElementById("curtain"),renderer:B?.renderer?.k
DSB DONE 4961
DSB STEP 4962 new Promise((resolve) => { const t0 = performance.now(); const tick = () => { if (window.BL.scene.tweenCount() === 0 || performance.now() - t0 > 4000)
DSB DONE 5029
DSB STEP 5029 (() => {
    const B = __ooga, C = B.clankers, S = BL.scene, c = B.cavemen.get("portlandhodl"), e = C.list.find(entry => entry.owner === c);
    B.pil
DSB DONE 5184
CHECK PASS gorilla carry jump: parked recovery cannot swallow takeoff; both jumps hold the Ooga's right foot and a charged click releases them in midair without smashing {"grabbed":true,"pendingRecovery":true,"tookOff":true,"grip":1.5420588781650846e-7,"secondJump":true,"charged":true,"heldThroughRelease":true,"thrownInAir":true,"smashUnchanged":true}
CHECK PASS gorilla carry jump: clean console 5.2s 
DSB STEP 44 (() => { const B=window.__ooga;return {scene:B?.scene,frames:B?.renderedFrames||0,curtain:!!document.getElementById("curtain"),renderer:B?.renderer?.k
DSB DONE 48
DSB STEP 90 (() => { const B=window.__ooga;return {scene:B?.scene,frames:B?.renderedFrames||0,curtain:!!document.getElementById("curtain"),renderer:B?.renderer?.k
DSB DONE 90
DSB STEP 133 (() => { const B=window.__ooga;return {scene:B?.scene,frames:B?.renderedFrames||0,curtain:!!document.getElementById("curtain"),renderer:B?.renderer?.k
DSB DONE 140
DSB STEP 180 (() => { const B=window.__ooga;return {scene:B?.scene,frames:B?.renderedFrames||0,curtain:!!document.getElementById("curtain"),renderer:B?.renderer?.k
DSB DONE 181
DSB STEP 223 (() => { const B=window.__ooga;return {scene:B?.scene,frames:B?.renderedFrames||0,curtain:!!document.getElementById("curtain"),renderer:B?.renderer?.k
DSB DONE 223
DSB STEP 266 (() => { const B=window.__ooga;return {scene:B?.scene,frames:B?.renderedFrames||0,curtain:!!document.getElementById("curtain"),renderer:B?.renderer?.k
DSB DONE 266
DSB STEP 309 (() => { const B=window.__ooga;return {scene:B?.scene,frames:B?.renderedFrames||0,curtain:!!document.getElementById("curtain"),renderer:B?.renderer?.k
DSB DONE 309
DSB STEP 351 (() => { const B=window.__ooga;return {scene:B?.scene,frames:B?.renderedFrames||0,curtain:!!document.getElementById("curtain"),renderer:B?.renderer?.k
DSB STEP 410 (() => { const B=window.__ooga;return {scene:B?.scene,frames:B?.renderedFrames||0,curtain:!!document.getElementById("curtain"),renderer:B?.renderer?.k
DSB DONE 4943
DSB STEP 4985 (() => { const B=window.__ooga;return {scene:B?.scene,frames:B?.renderedFrames||0,curtain:!!document.getElementById("curtain"),renderer:B?.renderer?.k
DSB DONE 5049
DSB STEP 5089 (() => { const B=window.__ooga;return {scene:B?.scene,frames:B?.renderedFrames||0,curtain:!!document.getElementById("curtain"),renderer:B?.renderer?.k
DSB DONE 5107
DSB STEP 5148 (() => { const B=window.__ooga;return {scene:B?.scene,frames:B?.renderedFrames||0,curtain:!!document.getElementById("curtain"),renderer:B?.renderer?.k
DSB DONE 5154
DSB STEP 5196 (() => { const B=window.__ooga;return {scene:B?.scene,frames:B?.renderedFrames||0,curtain:!!document.getElementById("curtain"),renderer:B?.renderer?.k
DSB DONE 5212
DSB STEP 5212 new Promise((resolve) => { const t0 = performance.now(); const tick = () => { if (window.BL.scene.tweenCount() === 0 || performance.now() - t0 > 4000)
DSB DONE 5294
DSB STEP 5294 (() => {
    const B = __ooga, S = BL.scene, e = B.clankers.player, cave = e.owner, p = e.root.position;
    cave.state = "working"; cave.root.visible
DSB DONE 8656
CHECK PASS gorilla lab carry jump: Shift+W+G keeps a running grab through both jumps and a charged midair throw without a smash {"lab":true,"ran":true,"grabbed":true,"first":true,"peak":0.771566307401944,"second":true,"charged":true,"heldThroughRelease":true,"thrownInAir":true,"smashUnchanged":true}
CHECK PASS gorilla lab carry jump: clean console 8.7s 
DSB STEP 44 (() => { const B=window.__ooga;return {scene:B?.scene,frames:B?.renderedFrames||0,curtain:!!document.getElementById("curtain"),renderer:B?.renderer?.k
DSB DONE 45
DSB STEP 98 (() => { const B=window.__ooga;return {scene:B?.scene,frames:B?.renderedFrames||0,curtain:!!document.getElementById("curtain"),renderer:B?.renderer?.k
DSB DONE 98
DSB STEP 139 (() => { const B=window.__ooga;return {scene:B?.scene,frames:B?.renderedFrames||0,curtain:!!document.getElementById("curtain"),renderer:B?.renderer?.k
DSB DONE 140
DSB STEP 180 (() => { const B=window.__ooga;return {scene:B?.scene,frames:B?.renderedFrames||0,curtain:!!document.getElementById("curtain"),renderer:B?.renderer?.k
DSB DONE 181
DSB STEP 223 (() => { const B=window.__ooga;return {scene:B?.scene,frames:B?.renderedFrames||0,curtain:!!document.getElementById("curtain"),renderer:B?.renderer?.k
DSB DONE 224
DSB STEP 266 (() => { const B=window.__ooga;return {scene:B?.scene,frames:B?.renderedFrames||0,curtain:!!document.getElementById("curtain"),renderer:B?.renderer?.k
DSB DONE 267
DSB STEP 309 (() => { const B=window.__ooga;return {scene:B?.scene,frames:B?.renderedFrames||0,curtain:!!document.getElementById("curtain"),renderer:B?.renderer?.k
DSB DONE 310
DSB STEP 351 (() => { const B=window.__ooga;return {scene:B?.scene,frames:B?.renderedFrames||0,curtain:!!document.getElementById("curtain"),renderer:B?.renderer?.k
DSB DONE 4576
DSB STEP 4618 (() => { const B=window.__ooga;return {scene:B?.scene,frames:B?.renderedFrames||0,curtain:!!document.getElementById("curtain"),renderer:B?.renderer?.k
DSB DONE 4624
DSB STEP 4666 (() => { const B=window.__ooga;return {scene:B?.scene,frames:B?.renderedFrames||0,curtain:!!document.getElementById("curtain"),renderer:B?.renderer?.k
DSB DONE 4667
DSB STEP 4709 (() => { const B=window.__ooga;return {scene:B?.scene,frames:B?.renderedFrames||0,curtain:!!document.getElementById("curtain"),renderer:B?.renderer?.k
DSB DONE 4718
DSB STEP 4760 (() => { const B=window.__ooga;return {scene:B?.scene,frames:B?.renderedFrames||0,curtain:!!document.getElementById("curtain"),renderer:B?.renderer?.k
DSB DONE 4766
DSB STEP 4809 (() => { const B=window.__ooga;return {scene:B?.scene,frames:B?.renderedFrames||0,curtain:!!document.getElementById("curtain"),renderer:B?.renderer?.k
DSB DONE 4815
DSB STEP 4815 new Promise((resolve) => { const t0 = performance.now(); const tick = () => { if (window.BL.scene.tweenCount() === 0 || performance.now() - t0 > 4000)
DSB DONE 4881
DSB STEP 4881 (() => {
    const B = __ooga, S = BL.scene, root = BL.scenes.hub.root, C = B.clankers, e = C.list.find(e => e.owner.traits.name === "portlandhodl"), 
DSB DONE 30758
CHECK PASS gorilla traversal: crates, barrels and rocks keep a continuous grounded gallop, an autonomous gorilla leaves a destroyed raised prop, fresh presses jump immediately and once more in air without held repeats or cancellation exploits, low cover permits an all-fours retreat, and a stalled stroller walks around tall scenery {"traversals":[{"kind":"crate","x":28.056380437739787,"maxY":0.9400000000000001,"airborne":0,"stopped":0,"maxVisibleStep":0.17013509351792888},{"kind":"barrel","x":28.079367333138396,"maxY":0.9,"airborne":0,"stopped":0,"maxVisibleStep":0.1336310739900145},{"kind":"rock","x":28.07852808492687,"maxY":0.8296000000000013,"airborne":0,"stopped":0,"maxVisibleStep":0.11340912891797927}],"raisedProp":{"rockY":0.8296,"assignedExit":true,"x":13.171011303037158,"y":0.17644297476385865,"z":2.827071369484542,"airborne":false,"groundError":0,"stuck":0,"reason":""},"jumps":[{"run":false,"gait":"knuckle","startSpeed":1.800000000000015,"switchSpeed":5.3999999999999915,"firstAir":true,"heldTravel":1.1699999999999822,"stopped":0,"vx":1.8,"peak":1.763265229607777,"heldJumps":1,"heldLanded":true,"releaseJumps":1,"secondCount":2,"secondVelocity":5.715442049346294,"thirdCount":2,"thirdVelocity":5.5521087160129605,"secondLift":1.7632652296077767,"landed":true,"nextJump":true},{"run":true,"gait":"gallop","startSpeed":5.3999999999999915,"switchSpeed":1.800000000000015,"firstAir":true,"heldTravel":3.5099999999999945,"stopped":0,"vx":5.4,"peak":1.763265229607777,"heldJumps":1,"heldLanded":true,"releaseJumps":1,"secondCount":2,"secondVelocity":5.715442049346294,"thirdCount":2,"thirdVelocity":5.5521087160129605,"secondLift":1.7632652296077767,"landed":true,"nextJump":true}],"canopy":{"startX":9.2,"endX":6.470000000000012,"startY":0,"endY":0,"lowFrames":91,"bipedFrames":0,"movingFrames":91,"airborneFrames":0,"envelopeCleared":true},"detour":{"detoured":true,"crossed":false,"arrived":true,"recoveries":0,"grounded":true}}
CHECK PASS gorilla prop traversal: clean console 30.8s 
DSB STEP 30759 (() => {
    const B = __ooga, P = B.clankerPlay, C = B.clankers, e = C.list.find(e => e.owner.traits.name === "portlandhodl");
    const canvas = doc
DSB DONE 36565
CHECK PASS gorilla camera: carry and combat share first-person, shoulder and distant views; Right Shift swaps shoulder, Q rotates birds-eye and N faces north; combat has a white-ring crosshair and release restores the head without moving the camera {"possessed":true,"reset":true,"rows":[{"name":"combat shoulder","view":"shoulder","combat":true,"hidden":false,"visible":"visible","stroke":"rgb(255, 255, 255)","headHidden":false,"mix":0,"cutaway":false,"hudView":"shoulder","hudCombat":"true","side":1.0500000000000007,"yaw":0,"finite":true},{"name":"other shoulder","view":"shoulder","combat":true,"hidden":false,"visible":"visible","stroke":"rgb(255, 255, 255)","headHidden":false,"mix":0,"cutaway":false,"hudView":"shoulder","hudCombat":"true","side":-1.049904660147499,"yaw":0,"finite":true},{"name":"carry shoulder","view":"shoulder","combat":false,"hidden":true,"visible":"visible","stroke":"rgb(255, 255, 255)","headHidden":false,"mix":0,"cutaway":false,"hudView":"shoulder","hudCombat":"false","side":-1.0499999956715778,"yaw":0,"finite":true},{"name":"carry first-person","view":"first-person","combat":false,"hidden":true,"visible":"visible","stroke":"rgb(255, 255, 255)","headHidden":true,"mix":0,"cutaway":false,"hudView":"first-person","hudCombat":"false","side":-0.00004766992605631515,"yaw":0,"finite":true},{"name":"combat first-person","view":"first-person","combat":true,"hidden":false,"visible":"visible","stroke":"rgb(255, 255, 255)","headHidden":true,"mix":0,"cutaway":false,"hudView":"first-person","hudCombat":"true","side":-2.164212808963839e-9,"yaw":0,"finite":true},{"name":"combat shoulder again","view":"shoulder","combat":true,"hidden":false,"visible":"visible","stroke":"rgb(255, 255, 255)","headHidden":false,"mix":0,"cutaway":false,"hudView":"shoulder","hudCombat":"true","side":-1.0499523300738494,"yaw":0,"finite":true},{"name":"combat birds-eye","view":"birds-eye","combat":true,"hidden":false,"visible":"visible","stroke":"rgb(255, 255, 255)","headHidden":false,"mix":1,"cutaway":true,"hudView":"birds-eye","hudCombat":"true","side":-0.00004766776203890544,"yaw":0,"finite":true},{"name":"rotated birds-eye","view":"birds-eye","combat":true,"hidden":false,"visible":"visible","stroke":"rgb(255, 255, 255)","headHidden":false,"mix":1,"cutaway":true,"hudView":"birds-eye","hudCombat":"true","side":-1.0774425796000742e-10,"yaw":0.5099999999999999,"finite":true},{"name":"north birds-eye","view":"birds-eye","combat":true,"hidden":false,"visible":"visible","stroke":"rgb(255, 255, 255)","headHidden":false,"mix":1,"cutaway":true,"hudView":"birds-eye","hudCombat":"true","side":-5.2464976807442555e-15,"yaw":3.469446951953614e-17,"finite":true},{"name":"carry orbit","view":"orbit","combat":false,"hidden":true,"visible":"visible","stroke":"rgb(255, 255, 255)","headHidden":false,"mix":0,"cutaway":false,"hudView":"orbit","hudCombat":"false","side":3.7488010208140136e-21,"yaw":3.469446951953614e-17,"finite":true},{"name":"combat birds-eye again","view":"birds-eye","combat":true,"hidden":false,"visible":"visible","stroke":"rgb(255, 255, 255)","headHidden":false,"mix":1,"cutaway":true,"hudView":"birds-eye","hudCombat":"true","side":8.257283745649603e-17,"yaw":3.469446951953614e-17,"finite":true},{"name":"combat shoulder from overhead","view":"shoulder","combat":true,"hidden":false,"visible":"visible","stroke":"rgb(255, 255, 255)","headHidden":false,"mix":0,"cutaway":false,"hudView":"shoulder","hudCombat":"true","side":-1.049952330073749,"yaw":3.469446951953614e-17,"finite":true},{"name":"first-person before release","view":"first-person","combat":true,"hidden":false,"visible":"visible","stroke":"rgb(255, 255, 255)","headHidden":true,"mix":0,"cutaway":false,"hudView":"first-person","hudCombat":"true","side":-0.0000476677620388557,"yaw":3.469446951953614e-17,"finite":true}],"swap":true,"turn":0.5099999999999999,"north":3.469446951953614e-17,"originalHeadHidden":false,"near":0.1,"released":{"active":false,"controlled":false,"headHidden":false,"hidden":true,"target":"none","hit":"none","positionCleared":true,"near":0.1,"eyeDelta":0,"targetDelta":0}}
CHECK PASS gorilla camera modes: clean console 36.6s 
DSB STEP 36566 (() => {
    const B = __ooga, S = BL.scene, C = B.clankers, e = C.list.find(e => e.owner.traits.name === "portlandhodl"), root = BL.scenes.hub.root;

DSB DONE 38081
CHECK PASS gorilla wall destination: a roof gorilla reaches the clicked lower lateral wall grip through continuous climbing without relocation or terrain penetration {"accepted":true,"seconds":7.8666666666666485,"from":{"x":26.8,"y":6.75,"z":-2.0000000000000018},"target":{"x":23,"y":4.25,"z":3.7999999999999985},"end":{"x":21.131513350874187,"y":4.392920537730999,"z":3.656494446233321},"status":"arrived","reason":"","climbing":125,"hanging":true,"stayedHanging":false,"lateral":5.656494446233323,"drop":2.3570794622690006,"verticalExcursion":2.3570794622690006,"tangentError":0.14350555376667762,"outwardGap":1.8684866491258134,"verticalError":0.14292053773099944,"maxStep":0.15297058540778383,"overlap":null,"recoveries":0}
CHECK PASS gorilla wall destination: a second click moves the hanging gorilla sideways along the wall without dismounting, teleporting or entering stone {"accepted":true,"seconds":1.7666666666666688,"from":{"x":21.131513350874187,"y":4.392920537730999,"z":3.656494446233321},"target":{"x":22,"y":4.25,"z":0.856494446233321},"end":{"x":21.131513350874187,"y":4.392920537730999,"z":1.0050136930383318},"status":"arrived","reason":"","climbing":53,"hanging":true,"stayedHanging":true,"lateral":2.6514807531949893,"drop":0,"verticalExcursion":0,"tangentError":0.14851924680501072,"outwardGap":0.8684866491258134,"verticalError":0.14292053773099944,"maxStep":0.07000000000000028,"overlap":null,"recoveries":0}
CHECK PASS gorilla wall grip: lowered hands contact the uneven cave rim throughout their cycle without any rendered mesh penetrating stone {"grips":[{"gap":0.0014232245981702363,"overlap":null,"previewClear":true},{"gap":0.005137439072132821,"overlap":null,"previewClear":true},{"gap":0.004109460860490799,"overlap":null,"previewClear":true},{"gap":0.0045817926824085475,"overlap":null,"previewClear":true},{"gap":0.00022463038563813598,"overlap":null,"previewClear":true},{"gap":0.004129430264235623,"overlap":null,"previewClear":true},{"gap":0.00938728713989434,"overlap":null,"previewClear":true},{"gap":0.008999285742639529,"overlap":null,"previewClear":true},{"gap":0.042761383786796614,"overlap":null,"previewClear":true},{"gap":0.04510153305530551,"overlap":null,"previewClear":true},{"gap":0.11500248247385159,"overlap":null,"previewClear":true},{"gap":0.00027810543775430574,"overlap":null,"previewClear":true},{"gap":0.002706302970647556,"overlap":null,"previewClear":true}],"poseMs":14.900000035762787,"previewMs":14.79999989271164}
DSB STEP 38081 (() => {
    const B = __ooga, S = BL.scene, e = B.clankers.list.find(e => e.owner.traits.name === "portlandhodl"), root = BL.scenes.hub.root;
    B.c
DSB DONE 38096
CHECK PASS gorilla lab stance: entering and leaving the lab smoothly animate the rendered head and torso instead of snapping upright or onto all fours [{"entering":true,"before":0.9999949617458702,"after":0.08757132582154137,"settled":0.08000004651983364,"gait":"upright","maxStep":0.12324566560736408,"workRaise":0.6850088437497615},{"entering":false,"before":0.08000000000001423,"after":0.9924286327149018,"settled":0.9999999534799116,"gait":"knuckle","maxStep":0.13309679653435158,"workRaise":null}]
CHECK PASS gorilla wall destination: clean console 38.1s 
SLOW hub took 38.5 s against a 25 s budget

228/228 checks passed in 2.6 min
